Component: ARM Compiler 5.05 update 1 (build 106) Tool: armlink [4d0efa]

==============================================================================

Section Cross References

    main.o(i.main) refers to drv_bsp.o(i.All_Init) for All_Init
    main.o(i.main) refers to ano_scheduler.o(i.Scheduler_Setup) for Scheduler_Setup
    main.o(i.main) refers to ano_scheduler.o(i.Scheduler_Run) for Scheduler_Run
    ano_scheduler.o(i.Loop_100Hz) refers to ano_flightctrl.o(i.Flight_Mode_Set) for Flight_Mode_Set
    ano_scheduler.o(i.Loop_200Hz) refers to drv_yaw.o(i.User_my_yaw_2level) for User_my_yaw_2level
    ano_scheduler.o(i.Loop_20Hz) refers to drv_beep.o(i.LASER_ctrl) for LASER_ctrl
    ano_scheduler.o(i.Loop_50Hz) refers to ano_locctrl.o(i.Loc_Ctrl) for Loc_Ctrl
    ano_scheduler.o(i.Loop_50Hz) refers to drv_mv.o(i.MV_Decoupling) for MV_Decoupling
    ano_scheduler.o(i.Loop_50Hz) refers to drv_beep.o(i.beep_Ctrl) for beep_Ctrl
    ano_scheduler.o(i.Loop_50Hz) refers to ano_locctrl.o(i.Tracking_Ctrl1) for Tracking_Ctrl1
    ano_scheduler.o(i.Loop_50Hz) refers to ano_locctrl.o(i.Tracking_Ctrl2) for Tracking_Ctrl2
    ano_scheduler.o(i.Loop_50Hz) refers to ano_locctrl.o(i.Tracking_Ctrl3) for Tracking_Ctrl3
    ano_scheduler.o(i.Loop_50Hz) refers to ano_locctrl.o(i.Tracking_Ctrl4) for Tracking_Ctrl4
    ano_scheduler.o(i.Loop_50Hz) refers to ano_locctrl.o(i.Tracking_Ctrl5) for Tracking_Ctrl5
    ano_scheduler.o(i.Loop_50Hz) refers to ano_locctrl.o(i.Tracking_Ctrl6) for Tracking_Ctrl6
    ano_scheduler.o(i.Loop_50Hz) refers to drv_mv.o(.bss) for MV
    ano_scheduler.o(i.Scheduler_Run) refers to drv_sys.o(i.GetSysRunTimeMs) for GetSysRunTimeMs
    ano_scheduler.o(i.Scheduler_Run) refers to ano_scheduler.o(.data) for sched_tasks
    ano_scheduler.o(i.Scheduler_Setup) refers to ano_scheduler.o(.data) for sched_tasks
    ano_scheduler.o(.data) refers to ano_scheduler.o(i.Loop_1000Hz) for Loop_1000Hz
    ano_scheduler.o(.data) refers to ano_scheduler.o(i.Loop_500Hz) for Loop_500Hz
    ano_scheduler.o(.data) refers to ano_scheduler.o(i.Loop_200Hz) for Loop_200Hz
    ano_scheduler.o(.data) refers to ano_scheduler.o(i.Loop_100Hz) for Loop_100Hz
    ano_scheduler.o(.data) refers to ano_scheduler.o(i.Loop_50Hz) for Loop_50Hz
    ano_scheduler.o(.data) refers to ano_scheduler.o(i.Loop_20Hz) for Loop_20Hz
    ano_scheduler.o(.data) refers to ano_scheduler.o(i.Loop_2Hz) for Loop_2Hz
    ano_dt_lx.o(i.ANO_DT_Init) refers to ano_dt_lx.o(.bss) for dt
    ano_dt_lx.o(i.ANO_DT_LX_Data_Receive_Anl) refers to ano_dt_lx.o(i.CK_Back) for CK_Back
    ano_dt_lx.o(i.ANO_DT_LX_Data_Receive_Anl) refers to ano_dt_lx.o(i.PAR_Back) for PAR_Back
    ano_dt_lx.o(i.ANO_DT_LX_Data_Receive_Anl) refers to ano_lx.o(.bss) for pwm_to_esc
    ano_dt_lx.o(i.ANO_DT_LX_Data_Receive_Anl) refers to drv_led.o(.data) for led
    ano_dt_lx.o(i.ANO_DT_LX_Data_Receive_Anl) refers to lx_fc_state.o(.bss) for fc_sta
    ano_dt_lx.o(i.ANO_DT_LX_Data_Receive_Anl) refers to ano_lx.o(.data) for fc_vel
    ano_dt_lx.o(i.ANO_DT_LX_Data_Receive_Anl) refers to ano_dt_lx.o(.bss) for dt
    ano_dt_lx.o(i.ANO_DT_LX_Data_Receive_Prepare) refers to ano_dt_lx.o(i.ANO_DT_LX_Data_Receive_Anl) for ANO_DT_LX_Data_Receive_Anl
    ano_dt_lx.o(i.ANO_DT_LX_Data_Receive_Prepare) refers to ano_dt_lx.o(.data) for rxstate
    ano_dt_lx.o(i.ANO_DT_LX_Data_Receive_Prepare) refers to ano_dt_lx.o(.bss) for DT_RxBuffer
    ano_dt_lx.o(i.ANO_DT_LX_Send_Data) refers to drv_uart.o(i.DrvUart5SendBuf) for DrvUart5SendBuf
    ano_dt_lx.o(i.ANO_LX_Data_Exchange_Task) refers to ano_dt_lx.o(i.CK_Back_Check) for CK_Back_Check
    ano_dt_lx.o(i.ANO_LX_Data_Exchange_Task) refers to ano_dt_lx.o(i.Check_To_Send) for Check_To_Send
    ano_dt_lx.o(i.Add_Send_Data) refers to ano_locctrl.o(.bss) for tracking3
    ano_dt_lx.o(i.Add_Send_Data) refers to ano_flightctrl.o(.data) for my_flight
    ano_dt_lx.o(i.Add_Send_Data) refers to drv_mv.o(.bss) for dot
    ano_dt_lx.o(i.Add_Send_Data) refers to ano_lx.o(.data) for Vel_X_Out
    ano_dt_lx.o(i.Add_Send_Data) refers to drv_mv.o(.data) for mcu_rx
    ano_dt_lx.o(i.Add_Send_Data) refers to ano_dt_lx.o(.bss) for dt
    ano_dt_lx.o(i.Add_Send_Data) refers to lx_fc_ext_sensor.o(.bss) for ext_sens
    ano_dt_lx.o(i.Add_Send_Data) refers to drv_bsp.o(.bss) for rc_in
    ano_dt_lx.o(i.Add_Send_Data) refers to ano_lx.o(.bss) for rt_tar
    ano_dt_lx.o(i.CK_Back) refers to ano_dt_lx.o(.bss) for dt
    ano_dt_lx.o(i.CK_Back_Check) refers to ano_dt_lx.o(.bss) for dt
    ano_dt_lx.o(i.CK_Back_Check) refers to ano_dt_lx.o(.data) for time_dly
    ano_dt_lx.o(i.CMD_Send) refers to ano_dt_lx.o(.bss) for dt
    ano_dt_lx.o(i.Check_To_Send) refers to ano_dt_lx.o(i.Frame_Send) for Frame_Send
    ano_dt_lx.o(i.Check_To_Send) refers to ano_dt_lx.o(.bss) for dt
    ano_dt_lx.o(i.Frame_Send) refers to ano_dt_lx.o(i.Add_Send_Data) for Add_Send_Data
    ano_dt_lx.o(i.Frame_Send) refers to ano_dt_lx.o(i.ANO_DT_LX_Send_Data) for ANO_DT_LX_Send_Data
[...]
    i.Drv_AdcGetBatVot                       0x00002af0   Section        0  drv_adc.o(i.Drv_AdcGetBatVot)
    i.Drv_BeepOnOff                          0x00002b60   Section        0  drv_beep.o(i.Drv_BeepOnOff)
    i.DvrLedInit                             0x00002bcc   Section        0  drv_led.o(i.DvrLedInit)
    i.Dvr_BeepInit                           0x00002c50   Section        0  drv_beep.o(i.Dvr_BeepInit)
    i.ESC_Output                             0x00002cb8   Section        0  ano_lx.o(i.ESC_Output)
    ESC_Output                               0x00002cb9   Thumb Code   364  ano_lx.o(i.ESC_Output)
    i.FC_Lock                                0x00002e34   Section        0  lx_fc_fun.o(i.FC_Lock)
    i.FC_Unlock                              0x00002e7c   Section        0  lx_fc_fun.o(i.FC_Unlock)
    i.Flight_Mode_Set                        0x00002ebc   Section        0  ano_flightctrl.o(i.Flight_Mode_Set)
    i.Frame_Send                             0x000031e8   Section        0  ano_dt_lx.o(i.Frame_Send)
    Frame_Send                               0x000031e9   Thumb Code   190  ano_dt_lx.o(i.Frame_Send)
    i.GPS_Data_Prepare_Task                  0x000032b0   Section        0  drv_ubloxgps.o(i.GPS_Data_Prepare_Task)
    i.General_Velocity_Data_Handle           0x000033fc   Section        0  lx_fc_ext_sensor.o(i.General_Velocity_Data_Handle)
    General_Velocity_Data_Handle             0x000033fd   Thumb Code   120  lx_fc_ext_sensor.o(i.General_Velocity_Data_Handle)
    i.GetSysRunTimeMs                        0x0000348c   Section        0  drv_sys.o(i.GetSysRunTimeMs)
    i.GetSysRunTimeUs                        0x00003498   Section        0  drv_sys.o(i.GetSysRunTimeUs)
    i.Horizontal_Calibrate                   0x000034cc   Section        0  lx_fc_fun.o(i.Horizontal_Calibrate)
    i.IntEnable                              0x00003504   Section        0  interrupt.o(i.IntEnable)
    i.IntRegister                            0x00003568   Section        0  interrupt.o(i.IntRegister)
    i.LASER_ctrl                             0x0000359c   Section        0  drv_beep.o(i.LASER_ctrl)
    i.LED_1ms_DRV                            0x00003690   Section        0  drv_led.o(i.LED_1ms_DRV)
    i.LX_Cali_Trig_Check                     0x000036e8   Section        0  lx_fc_state.o(i.LX_Cali_Trig_Check)
    i.LX_Change_Mode                         0x0000378c   Section        0  lx_fc_fun.o(i.LX_Change_Mode)
    i.LX_FC_EXT_Sensor_Task                  0x000037e8   Section        0  lx_fc_ext_sensor.o(i.LX_FC_EXT_Sensor_Task)
    i.LX_FC_State_Task                       0x00003848   Section        0  lx_fc_state.o(i.LX_FC_State_Task)
    i.LX_Unlock_Lock_Check                   0x00003868   Section        0  lx_fc_state.o(i.LX_Unlock_Lock_Check)
    LX_Unlock_Lock_Check                     0x00003869   Thumb Code   438  lx_fc_state.o(i.LX_Unlock_Lock_Check)
    i.Loc_Ctrl                               0x00003a38   Section        0  ano_locctrl.o(i.Loc_Ctrl)
    i.Loop_1000Hz                            0x00003f98   Section        0  ano_scheduler.o(i.Loop_1000Hz)
    Loop_1000Hz                              0x00003f99   Thumb Code     2  ano_scheduler.o(i.Loop_1000Hz)
    i.Loop_100Hz                             0x00003f9a   Section        0  ano_scheduler.o(i.Loop_100Hz)
    Loop_100Hz                               0x00003f9b   Thumb Code    10  ano_scheduler.o(i.Loop_100Hz)
    i.Loop_200Hz                             0x00003fa4   Section        0  ano_scheduler.o(i.Loop_200Hz)
    Loop_200Hz                               0x00003fa5   Thumb Code    12  ano_scheduler.o(i.Loop_200Hz)
    i.Loop_20Hz                              0x00003fb0   Section        0  ano_scheduler.o(i.Loop_20Hz)
    Loop_20Hz                                0x00003fb1   Thumb Code    12  ano_scheduler.o(i.Loop_20Hz)
    i.Loop_2Hz                               0x00003fc0   Section        0  ano_scheduler.o(i.Loop_2Hz)
    Loop_2Hz                                 0x00003fc1   Thumb Code     2  ano_scheduler.o(i.Loop_2Hz)
    i.Loop_500Hz                             0x00003fc2   Section        0  ano_scheduler.o(i.Loop_500Hz)
    Loop_500Hz                               0x00003fc3   Thumb Code     2  ano_scheduler.o(i.Loop_500Hz)
    i.Loop_50Hz                              0x00003fc4   Section        0  ano_scheduler.o(i.Loop_50Hz)
    Loop_50Hz                                0x00003fc5   Thumb Code    70  ano_scheduler.o(i.Loop_50Hz)
    i.MV_Decoupling                          0x00004014   Section        0  drv_mv.o(i.MV_Decoupling)
    i.MV_Fix                                 0x00004320   Section        0  drv_mv.o(i.MV_Fix)
    i.MV_Flag_Check                          0x00004458   Section        0  drv_mv.o(i.MV_Flag_Check)
    i.Mag_Calibrate                          0x00004530   Section        0  lx_fc_fun.o(i.Mag_Calibrate)
    i.MyDelayMs                              0x00004568   Section        0  drv_sys.o(i.MyDelayMs)
    i.OneKey_Land                            0x0000458c   Section        0  lx_fc_fun.o(i.OneKey_Land)
    i.OneKey_Return_Home                     0x000045cc   Section        0  lx_fc_fun.o(i.OneKey_Return_Home)
    i.OneKey_Takeoff                         0x00004604   Section        0  lx_fc_fun.o(i.OneKey_Takeoff)
    i.PAR_Back                               0x00004654   Section        0  ano_dt_lx.o(i.PAR_Back)
    i.PID_calculate                          0x00004668   Section        0  ano_pid.o(i.PID_calculate)
    i.PPM_Decode                             0x00004788   Section        0  drv_rcin.o(i.PPM_Decode)
    PPM_Decode                               0x00004789   Thumb Code   114  drv_rcin.o(i.PPM_Decode)
    i.Player1_Duty                           0x0000480c   Section        0  drv_mv1.o(i.Player1_Duty)
    i.Player_Duty                            0x000048c8   Section        0  drv_mv.o(i.Player_Duty)
    i.Player_Mv1_Receive                     0x00004918   Section        0  drv_mv1.o(i.Player_Mv1_Receive)
    i.Player_Mv_Receive                      0x00004a08   Section        0  drv_mv.o(i.Player_Mv_Receive)
    i.Player_Send_Set                        0x00004af8   Section        0  drv_mv.o(i.Player_Send_Set)
    i.Player_Sendmv1_Set                     0x00004b68   Section        0  drv_mv1.o(i.Player_Sendmv1_Set)
    i.Player_bt_Receive                      0x00004bd8   Section        0  drv_bluetooch.o(i.Player_bt_Receive)
    i.RC_Data_Task                           0x00004cc8   Section        0  ano_lx.o(i.RC_Data_Task)
    RC_Data_Task                             0x00004cc9   Thumb Code   654  ano_lx.o(i.RC_Data_Task)
    i.Sbus_IRQHandler                        0x00004fac   Section        0  drv_rcin.o(i.Sbus_IRQHandler)
    Sbus_IRQHandler                          0x00004fad   Thumb Code    76  drv_rcin.o(i.Sbus_IRQHandler)
    i.Scheduler_Run                          0x00004ffc   Section        0  ano_scheduler.o(i.Scheduler_Run)
    i.Scheduler_Setup                        0x0000504c   Section        0  ano_scheduler.o(i.Scheduler_Setup)
    i.Send_Set_mode                          0x0000509c   Section        0  drv_bluetooch.o(i.Send_Set_mode)
    i.SysCtlClockGet                         0x00005120   Section        0  sysctl.o(i.SysCtlClockGet)
    i.SysTick_Handler                        0x00005274   Section        0  drv_sys.o(i.SysTick_Handler)
    i.SysTick_Init                           0x0000528c   Section        0  drv_sys.o(i.SysTick_Init)
    i.SystemInit                             0x000052c4   Section        0  system_tm4c123.o(i.SystemInit)
    i.Timer0Irq                              0x0000535c   Section        0  drv_timer.o(i.Timer0Irq)
    i.TimerIntClear                          0x00005370   Section        0  timer.o(i.TimerIntClear)
    i.TimerIntRegister                       0x00005374   Section        0  timer.o(i.TimerIntRegister)
    i.Tracking_Ctrl1                         0x000053dc   Section        0  ano_locctrl.o(i.Tracking_Ctrl1)
    i.Tracking_Ctrl2                         0x00006a98   Section        0  ano_locctrl.o(i.Tracking_Ctrl2)
    i.Tracking_Ctrl3                         0x00008154   Section        0  ano_locctrl.o(i.Tracking_Ctrl3)
    i.Tracking_Ctrl4                         0x00009814   Section        0  ano_locctrl.o(i.Tracking_Ctrl4)
    i.Tracking_Ctrl5                         0x0000aed0   Section        0  ano_locctrl.o(i.Tracking_Ctrl5)
    i.Tracking_Ctrl6                         0x0000c58c   Section        0  ano_locctrl.o(i.Tracking_Ctrl6)
    i.UART1_IRQHandler                       0x0000dc48   Section        0  drv_uart.o(i.UART1_IRQHandler)
    i.UART2_IRQHandler                       0x0000dca0   Section        0  drv_uart.o(i.UART2_IRQHandler)
    i.UART3_IRQHandler                       0x0000dcf8   Section        0  drv_uart.o(i.UART3_IRQHandler)
    i.UART4_IRQHandler                       0x0000dd50   Section        0  drv_uart.o(i.UART4_IRQHandler)
    i.UART5_IRQHandler                       0x0000dda8   Section        0  drv_uart.o(i.UART5_IRQHandler)
    i.UARTIntRegister                        0x0000de00   Section        0  uart.o(i.UARTIntRegister)
    i.User_Alt_PID_Init                      0x0000de58   Section        0  ano_alt.o(i.User_Alt_PID_Init)
    i.User_Len_PID_Init                      0x0000de90   Section        0  ano_locctrl.o(i.User_Len_PID_Init)
    i.User_Loc_PID_Init                      0x0000ded8   Section        0  ano_locctrl.o(i.User_Loc_PID_Init)
    i.User_line_PID_Init                     0x0000df1c   Section        0  ano_locctrl.o(i.User_line_PID_Init)
    i.User_my_yaw_2level                     0x0000df64   Section        0  drv_yaw.o(i.User_my_yaw_2level)
    i.User_my_yaw_PID_Init                   0x0000df68   Section        0  drv_yaw.o(i.User_my_yaw_PID_Init)
    i.Walk_Ctrl                              0x0000dfac   Section        0  ano_locctrl.o(i.Walk_Ctrl)
    i.__ARM_fpclassify                       0x0000e1fc   Section        0  fpclassify.o(i.__ARM_fpclassify)
    i.__hardfp_tan                           0x0000e230   Section        0  tan.o(i.__hardfp_tan)
    i.__ieee754_rem_pio2                     0x0000e2b0   Section        0  rred.o(i.__ieee754_rem_pio2)
    i.__kernel_poly                          0x0000e6e8   Section        0  poly.o(i.__kernel_poly)
    i.__kernel_tan                           0x0000e7e0   Section        0  tan_i.o(i.__kernel_tan)
    i.__mathlib_dbl_infnan                   0x0000eb30   Section        0  dunder.o(i.__mathlib_dbl_infnan)
    i.__mathlib_dbl_invalid                  0x0000eb48   Section        0  dunder.o(i.__mathlib_dbl_invalid)
    i.__mathlib_dbl_underflow                0x0000eb68   Section        0  dunder.o(i.__mathlib_dbl_underflow)
    i.__scatterload_copy                     0x0000eb88   Section       14  handlers.o(i.__scatterload_copy)
    i.__scatterload_null                     0x0000eb96   Section        2  handlers.o(i.__scatterload_null)
    i.__scatterload_zeroinit                 0x0000eb98   Section       14  handlers.o(i.__scatterload_zeroinit)
    i.__set_errno                            0x0000eba8   Section        0  errno.o(i.__set_errno)
    i.beep_Ctrl                              0x0000ebb4   Section        0  drv_beep.o(i.beep_Ctrl)
    i.drvAdcTrigger                          0x0000ebd0   Section        0  drv_adc.o(i.drvAdcTrigger)
    i.fabs                                   0x0000ebe8   Section        0  fabs.o(i.fabs)
    i.main                                   0x0000ec00   Section        0  main.o(i.main)
    i.my_deadzone                            0x0000ec10   Section        0  ano_math.o(i.my_deadzone)
    i.rcSignalCheck                          0x0000ec48   Section        0  drv_bsp.o(i.rcSignalCheck)
    rcSignalCheck                            0x0000ec49   Thumb Code   168  drv_bsp.o(i.rcSignalCheck)
    .constdata                               0x0000ed00   Section      596  sysctl.o(.constdata)
    g_pui32VCOFrequencies                    0x0000ed00   Data           8  sysctl.o(.constdata)
    g_pui32Xtals                             0x0000ed08   Data         108  sysctl.o(.constdata)
    g_pppui32XTALtoVCO                       0x0000ed74   Data         432  sysctl.o(.constdata)
    g_sXTALtoMEMTIM                          0x0000ef24   Data          48  sysctl.o(.constdata)
    .constdata                               0x0000ef54   Section      160  timer.o(.constdata)
    g_ppui32TimerIntMap                      0x0000ef54   Data          96  timer.o(.constdata)
    g_ppui32TimerIntMapSnowflake             0x0000efb4   Data          64  timer.o(.constdata)
    .constdata                               0x0000eff4   Section      128  uart.o(.constdata)
    g_ppui32UARTIntMap                       0x0000eff4   Data          64  uart.o(.constdata)
    g_ppui32UARTIntMapSnowflake              0x0000f034   Data          64  uart.o(.constdata)
    .constdata                               0x0000f074   Section      268  interrupt.o(.constdata)
    g_pui32Priority                          0x0000f074   Data          32  interrupt.o(.constdata)
    g_pui32Regs                              0x0000f094   Data         156  interrupt.o(.constdata)
    g_pui32EnRegs                            0x0000f130   Data          20  interrupt.o(.constdata)
    g_pui32Dii16Regs                         0x0000f144   Data          20  interrupt.o(.constdata)
    g_pui32PendRegs                          0x0000f158   Data          20  interrupt.o(.constdata)
    g_pui32UnpendRegs                        0x0000f16c   Data          20  interrupt.o(.constdata)
    .constdata                               0x0000f180   Section      200  rred.o(.constdata)
    pio2s                                    0x0000f180   Data          48  rred.o(.constdata)
    twooverpi                                0x0000f1b0   Data         152  rred.o(.constdata)
    .constdata                               0x0000f248   Section       96  tan_i.o(.constdata)
    Todd                                     0x0000f248   Data          48  tan_i.o(.constdata)
    Teven                                    0x0000f278   Data          48  tan_i.o(.constdata)
    .data                                    0x20000000   Section       84  ano_scheduler.o(.data)
    sched_tasks                              0x20000000   Data          84  ano_scheduler.o(.data)
    .data                                    0x20000054   Section        6  ano_dt_lx.o(.data)
    DT_data_cnt                              0x20000054   Data           1  ano_dt_lx.o(.data)
    repeat_cnt                               0x20000055   Data           1  ano_dt_lx.o(.data)
    _data_len                                0x20000056   Data           1  ano_dt_lx.o(.data)
    _data_cnt                                0x20000057   Data           1  ano_dt_lx.o(.data)
    rxstate                                  0x20000058   Data           1  ano_dt_lx.o(.data)
    time_dly                                 0x20000059   Data           1  ano_dt_lx.o(.data)
    .data                                    0x2000005c   Section       50  ano_lx.o(.data)
    fail_safe_change_mod                     0x20000080   Data           1  ano_lx.o(.data)
    fail_safe_return_home                    0x20000081   Data           1  ano_lx.o(.data)
    mod_f                                    0x20000082   Data           3  ano_lx.o(.data)
    mod_f_time_cnt                           0x20000086   Data           2  ano_lx.o(.data)
    esc_calibrated                           0x20000088   Data           1  ano_lx.o(.data)
    tmp_cnt                                  0x2000008a   Data           4  ano_lx.o(.data)
    .data                                    0x2000008e   Section        4  lx_fc_ext_sensor.o(.data)
    of_update_cnt                            0x2000008e   Data           1  lx_fc_ext_sensor.o(.data)
    of_alt_update_cnt                        0x2000008f   Data           1  lx_fc_ext_sensor.o(.data)
    dT_ms                                    0x20000090   Data           1  lx_fc_ext_sensor.o(.data)
    of_alt_update_cnt                        0x20000091   Data           1  lx_fc_ext_sensor.o(.data)
    .data                                    0x20000092   Section        2  lx_fc_fun.o(.data)
    old_mode                                 0x20000093   Data           1  lx_fc_fun.o(.data)
    .data                                    0x20000094   Section        6  lx_fc_state.o(.data)
    time_dly_cnt_ms                          0x20000096   Data           2  lx_fc_state.o(.data)
    unlock_lock_flag                         0x20000098   Data           1  lx_fc_state.o(.data)
    cali_f                                   0x20000099   Data           1  lx_fc_state.o(.data)
    .data                                    0x2000009c   Section       19  drv_bsp.o(.data)
    ch_sta                                   0x2000009c   Data           1  drv_bsp.o(.data)
    sbus_time                                0x200000a0   Data           8  drv_bsp.o(.data)
    cnt                                      0x200000a8   Data           1  drv_bsp.o(.data)
    frame_cnt                                0x200000a9   Data           1  drv_bsp.o(.data)
    cnt_tmp                                  0x200000aa   Data           1  drv_bsp.o(.data)
    time_dly                                 0x200000ac   Data           2  drv_bsp.o(.data)
    failsafe                                 0x200000ae   Data           1  drv_bsp.o(.data)
    .data                                    0x200000af   Section        3  drv_anoof.o(.data)
    _data_len                                0x200000af   Data           1  drv_anoof.o(.data)
    _data_cnt                                0x200000b0   Data           1  drv_anoof.o(.data)
    rxstate                                  0x200000b1   Data           1  drv_anoof.o(.data)
    .data                                    0x200000b2   Section      182  drv_ubloxgps.o(.data)
    protocol_class                           0x20000161   Data           1  drv_ubloxgps.o(.data)
    protocol_id                              0x20000162   Data           1  drv_ubloxgps.o(.data)
    protocol_length_t                        0x20000163   Data           1  drv_ubloxgps.o(.data)
    protocol_length                          0x20000164   Data           2  drv_ubloxgps.o(.data)
    state                                    0x20000167   Data           1  drv_ubloxgps.o(.data)
    .data                                    0x20000168   Section        8  drv_sys.o(.data)
    SysRunTimeMs                             0x20000168   Data           8  drv_sys.o(.data)
    .data                                    0x20000170   Section        4  drv_adc.o(.data)
    .data                                    0x20000174   Section       12  drv_led.o(.data)
    led_cnt                                  0x20000178   Data           8  drv_led.o(.data)
    .data                                    0x20000180   Section       12  drv_rcin.o(.data)
    PeriodVal1                               0x20000180   Data           4  drv_rcin.o(.data)
    PeriodVal2                               0x20000184   Data           4  drv_rcin.o(.data)
    PulseHigh                                0x20000188   Data           4  drv_rcin.o(.data)
    .data                                    0x2000018c   Section       10  drv_uart.o(.data)
    .data                                    0x20000198   Section        4  ano_alt.o(.data)
    .data                                    0x2000019c   Section       22  ano_flightctrl.o(.data)
    one_key_take                             0x200001af   Data           1  ano_flightctrl.o(.data)
    two_key_take                             0x200001b0   Data           1  ano_flightctrl.o(.data)
    three_key_take                           0x200001b1   Data           1  ano_flightctrl.o(.data)
    .data                                    0x200001b2   Section        7  ano_locctrl.o(.data)
    .data                                    0x200001bc   Section       20  drv_beep.o(.data)
    temp0                                    0x200001c8   Data           4  drv_beep.o(.data)
    flag                                     0x200001cc   Data           4  drv_beep.o(.data)
    .data                                    0x200001d0   Section       48  drv_bluetooch.o(.data)
    _data_len                                0x200001dd   Data           1  drv_bluetooch.o(.data)
    _data_cnt                                0x200001de   Data           1  drv_bluetooch.o(.data)
    state                                    0x200001df   Data           1  drv_bluetooch.o(.data)
    x_mid                                    0x200001e0   Data           4  drv_bluetooch.o(.data)
    x_last                                   0x200001e4   Data           4  drv_bluetooch.o(.data)
    p_mid                                    0x200001e8   Data           4  drv_bluetooch.o(.data)
    p_last                                   0x200001ec   Data           4  drv_bluetooch.o(.data)
    p_now                                    0x200001f0   Data           4  drv_bluetooch.o(.data)
    Q                                        0x200001f4   Data           4  drv_bluetooch.o(.data)
    R                                        0x200001f8   Data           4  drv_bluetooch.o(.data)
    Kg                                       0x200001fc   Data           4  drv_bluetooch.o(.data)
    .data                                    0x20000200   Section       21  drv_mv.o(.data)
    _data_len                                0x2000020e   Data           1  drv_mv.o(.data)
    _data_cnt                                0x2000020f   Data           1  drv_mv.o(.data)
    state                                    0x20000210   Data           1  drv_mv.o(.data)
    cnt3                                     0x20000211   Data           1  drv_mv.o(.data)
    cnt4                                     0x20000212   Data           1  drv_mv.o(.data)
    cnt3_                                    0x20000213   Data           1  drv_mv.o(.data)
    cnt4_                                    0x20000214   Data           1  drv_mv.o(.data)
    .data                                    0x20000215   Section        7  drv_mv1.o(.data)
    _data_len                                0x20000215   Data           1  drv_mv1.o(.data)
    _data_cnt                                0x20000216   Data           1  drv_mv1.o(.data)
    state                                    0x20000217   Data           1  drv_mv1.o(.data)
    cnt0                                     0x20000218   Data           1  drv_mv1.o(.data)
    cnt4                                     0x20000219   Data           1  drv_mv1.o(.data)
    cnt0_                                    0x2000021a   Data           1  drv_mv1.o(.data)
    cnt4_                                    0x2000021b   Data           1  drv_mv1.o(.data)
    .data                                    0x2000021c   Section        4  errno.o(.data)
    _errno                                   0x2000021c   Data           4  errno.o(.data)
    vtable                                   0x20000400   Section      620  interrupt.o(vtable)
    g_pfnRAMVectors                          0x20000400   Data         620  interrupt.o(vtable)
    .bss                                     0x2000066c   Section     1872  ano_dt_lx.o(.bss)
    DT_RxBuffer                              0x20000cbc   Data         256  ano_dt_lx.o(.bss)
    .bss                                     0x20000dbc   Section       56  ano_lx.o(.bss)
    pwm                                      0x20000de4   Data          16  ano_lx.o(.bss)
    .bss                                     0x20000df4   Section       48  lx_fc_ext_sensor.o(.bss)
    .bss                                     0x20000e24   Section       11  lx_fc_state.o(.bss)
    .bss                                     0x20000e30   Section      107  drv_bsp.o(.bss)
    datatmp                                  0x20000e82   Data          25  drv_bsp.o(.bss)
    .bss                                     0x20000e9c   Section      124  drv_anoof.o(.bss)
    _datatemp                                0x20000ed8   Data          50  drv_anoof.o(.bss)
    check_time_ms                            0x20000f0c   Data          12  drv_anoof.o(.bss)
    .bss                                     0x20000f18   Section      100  drv_ubloxgps.o(.bss)
    .bss                                     0x20000f7c   Section     1280  drv_uart.o(.bss)
    .bss                                     0x2000147c   Section      100  ano_alt.o(.bss)
    .bss                                     0x200014e0   Section      636  ano_locctrl.o(.bss)
    .bss                                     0x2000175c   Section      154  drv_bluetooch.o(.bss)
    RxBuffer                                 0x200017d6   Data          32  drv_bluetooch.o(.bss)
    .bss                                     0x200017f8   Section      356  drv_mv.o(.bss)
    RxBuffer                                 0x2000193c   Data          32  drv_mv.o(.bss)
    .bss                                     0x2000195c   Section      132  drv_mv1.o(.bss)
    RxBuffer                                 0x200019c0   Data          32  drv_mv1.o(.bss)
    .bss                                     0x200019e0   Section      244  drv_yaw.o(.bss)
    STACK                                    0x20001ad8   Section     2560  startup_tm4c123.o(STACK)

    Global Symbols

    Symbol Name                              Value     Ov Type        Size  Object(Section)

    BuildAttributes$$THM_ISAv4$E$P$D$K$B$S$7EM$VFPi3$EXTD16$VFPS$VFMA$PE$A:L22UL41UL21$X:L11$S22US41US21$IEEE1$IW$USESV6$~STKCKD$USESV7$~SHL$OTIME$ROPI$IEEEX$EBA8$MICROLIB$REQ8$PRES8$EABIv2 0x00000000   Number         0  anon$$obj.o ABSOLUTE
    __ARM_use_no_argv                        0x00000000   Number         0  main.o ABSOLUTE
    __Vectors                                0x00000000   Data           4  startup_tm4c123.o(RESET)
    __cpp_initialize__aeabi_                  - Undefined Weak Reference
    __cxa_finalize                            - Undefined Weak Reference
    _clock_init                               - Undefined Weak Reference
    _microlib_exit                            - Undefined Weak Reference
    __Vectors_End                            0x0000026c   Data           0  startup_tm4c123.o(RESET)
    __Vectors_Size                           0x0000026c   Number         0  startup_tm4c123.o ABSOLUTE
    __main                                   0x0000026d   Thumb Code     0  entry.o(.ARM.Collect$$$$00000000)
    _main_stk                                0x0000026d   Thumb Code     0  entry2.o(.ARM.Collect$$$$00000001)
    _main_scatterload                        0x00000271   Thumb Code     0  entry5.o(.ARM.Collect$$$$00000004)
    __main_after_scatterload                 0x00000275   Thumb Code     0  entry5.o(.ARM.Collect$$$$00000004)
    _main_clock                              0x00000275   Thumb Code     0  entry7b.o(.ARM.Collect$$$$00000008)
    _main_cpp_init                           0x00000275   Thumb Code     0  entry8b.o(.ARM.Collect$$$$0000000A)
    _main_init                               0x00000275   Thumb Code     0  entry9a.o(.ARM.Collect$$$$0000000B)
    __rt_final_cpp                           0x0000027d   Thumb Code     0  entry10a.o(.ARM.Collect$$$$0000000D)
    __rt_final_exit                          0x0000027d   Thumb Code     0  entry11a.o(.ARM.Collect$$$$0000000F)
    Reset_Handler                            0x00000281   Thumb Code     8  startup_tm4c123.o(.text)
    NMI_Handler                              0x00000289   Thumb Code     2  startup_tm4c123.o(.text)
    HardFault_Handler                        0x0000028b   Thumb Code     2  startup_tm4c123.o(.text)
    MemManage_Handler                        0x0000028d   Thumb Code     2  startup_tm4c123.o(.text)
    BusFault_Handler                         0x0000028f   Thumb Code     2  startup_tm4c123.o(.text)
    UsageFault_Handler                       0x00000291   Thumb Code     2  startup_tm4c123.o(.text)
    SVC_Handler                              0x00000293   Thumb Code     2  startup_tm4c123.o(.text)
    DebugMon_Handler                         0x00000295   Thumb Code     2  startup_tm4c123.o(.text)
    PendSV_Handler                           0x00000297   Thumb Code     2  startup_tm4c123.o(.text)
    GPIOA_Handler                            0x0000029b   Thumb Code     2  startup_tm4c123.o(.text)
    GPIOB_Handler                            0x0000029d   Thumb Code     2  startup_tm4c123.o(.text)
    GPIOC_Handler                            0x0000029f   Thumb Code     2  startup_tm4c123.o(.text)
    GPIOD_Handler                            0x000002a1   Thumb Code     2  startup_tm4c123.o(.text)
    GPIOE_Handler                            0x000002a3   Thumb Code     2  startup_tm4c123.o(.text)
    UART0_Handler                            0x000002a5   Thumb Code     2  startup_tm4c123.o(.text)
    UART1_Handler                            0x000002a7   Thumb Code     2  startup_tm4c123.o(.text)
    SSI0_Handler                             0x000002a9   Thumb Code     2  startup_tm4c123.o(.text)
    I2C0_Handler                             0x000002ab   Thumb Code     2  startup_tm4c123.o(.text)
    PMW0_FAULT_Handler                       0x000002ad   Thumb Code     2  startup_tm4c123.o(.text)
    PWM0_0_Handler                           0x000002af   Thumb Code     2  startup_tm4c123.o(.text)
    PWM0_1_Handler                           0x000002b1   Thumb Code     2  startup_tm4c123.o(.text)
    PWM0_2_Handler                           0x000002b3   Thumb Code     2  startup_tm4c123.o(.text)
    QEI0_Handler                             0x000002b5   Thumb Code     2  startup_tm4c123.o(.text)
    ADC0SS0_Handler                          0x000002b7   Thumb Code     2  startup_tm4c123.o(.text)
    ADC0SS1_Handler                          0x000002b9   Thumb Code     2  startup_tm4c123.o(.text)
    ADC0SS2_Handler                          0x000002bb   Thumb Code     2  startup_tm4c123.o(.text)
    ADC0SS3_Handler                          0x000002bd   Thumb Code     2  startup_tm4c123.o(.text)
    WDT0_Handler                             0x000002bf   Thumb Code     2  startup_tm4c123.o(.text)
    TIMER0A_Handler                          0x000002c1   Thumb Code     2  startup_tm4c123.o(.text)
    TIMER0B_Handler                          0x000002c3   Thumb Code     2  startup_tm4c123.o(.text)
    TIMER1A_Handler                          0x000002c5   Thumb Code     2  startup_tm4c123.o(.text)
    TIMER1B_Handler                          0x000002c7   Thumb Code     2  startup_tm4c123.o(.text)
    TIMER2A_Handler                          0x000002c9   Thumb Code     2  startup_tm4c123.o(.text)
    TIMER2B_Handler                          0x000002cb   Thumb Code     2  startup_tm4c123.o(.text)
    COMP0_Handler                            0x000002cd   Thumb Code     2  startup_tm4c123.o(.text)
    COMP1_Handler                            0x000002cf   Thumb Code     2  startup_tm4c123.o(.text)
    COMP2_Handler                            0x000002d1   Thumb Code     2  startup_tm4c123.o(.text)
    SYSCTL_Handler                           0x000002d3   Thumb Code     2  startup_tm4c123.o(.text)
    FLASH_Handler                            0x000002d5   Thumb Code     2  startup_tm4c123.o(.text)
    GPIOF_Handler                            0x000002d7   Thumb Code     2  startup_tm4c123.o(.text)
    GPIOG_Handler                            0x000002d9   Thumb Code     2  startup_tm4c123.o(.text)
    GPIOH_Handler                            0x000002db   Thumb Code     2  startup_tm4c123.o(.text)
    UART2_Handler                            0x000002dd   Thumb Code     2  startup_tm4c123.o(.text)
    SSI1_Handler                             0x000002df   Thumb Code     2  startup_tm4c123.o(.text)
    TIMER3A_Handler                          0x000002e1   Thumb Code     2  startup_tm4c123.o(.text)
    TIMER3B_Handler                          0x000002e3   Thumb Code     2  startup_tm4c123.o(.text)
    I2C1_Handler                             0x000002e5   Thumb Code     2  startup_tm4c123.o(.text)
    QEI1_Handler                             0x000002e7   Thumb Code     2  startup_tm4c123.o(.text)
    CAN0_Handler                             0x000002e9   Thumb Code     2  startup_tm4c123.o(.text)
    CAN1_Handler                             0x000002eb   Thumb Code     2  startup_tm4c123.o(.text)
    CAN2_Handler                             0x000002ed   Thumb Code     2  startup_tm4c123.o(.text)
    HIB_Handler                              0x000002ef   Thumb Code     2  startup_tm4c123.o(.text)
    USB0_Handler                             0x000002f1   Thumb Code     2  startup_tm4c123.o(.text)
    PWM0_3_Handler                           0x000002f3   Thumb Code     2  startup_tm4c123.o(.text)
    UDMA_Handler                             0x000002f5   Thumb Code     2  startup_tm4c123.o(.text)
    UDMAERR_Handler                          0x000002f7   Thumb Code     2  startup_tm4c123.o(.text)
    ADC1SS0_Handler                          0x000002f9   Thumb Code     2  startup_tm4c123.o(.text)
    ADC1SS1_Handler                          0x000002fb   Thumb Code     2  startup_tm4c123.o(.text)
    ADC1SS2_Handler                          0x000002fd   Thumb Code     2  startup_tm4c123.o(.text)
    ADC1SS3_Handler                          0x000002ff   Thumb Code     2  startup_tm4c123.o(.text)
    GPIOJ_Handler                            0x00000301   Thumb Code     2  startup_tm4c123.o(.text)
    GPIOK_Handler                            0x00000303   Thumb Code     2  startup_tm4c123.o(.text)
    GPIOL_Handler                            0x00000305   Thumb Code     2  startup_tm4c123.o(.text)
    SSI2_Handler                             0x00000307   Thumb Code     2  startup_tm4c123.o(.text)
    SSI3_Handler                             0x00000309   Thumb Code     2  startup_tm4c123.o(.text)
    UART3_Handler                            0x0000030b   Thumb Code     2  startup_tm4c123.o(.text)
    UART4_Handler                            0x0000030d   Thumb Code     2  startup_tm4c123.o(.text)
    UART5_Handler                            0x0000030f   Thumb Code     2  startup_tm4c123.o(.text)
    UART6_Handler                            0x00000311   Thumb Code     2  startup_tm4c123.o(.text)
    UART7_Handler                            0x00000313   Thumb Code     2  startup_tm4c123.o(.text)
    I2C2_Handler                             0x00000315   Thumb Code     2  startup_tm4c123.o(.text)
    I2C3_Handler                             0x00000317   Thumb Code     2  startup_tm4c123.o(.text)
    TIMER4A_Handler                          0x00000319   Thumb Code     2  startup_tm4c123.o(.text)
    TIMER4B_Handler                          0x0000031b   Thumb Code     2  startup_tm4c123.o(.text)
    TIMER5A_Handler                          0x0000031d   Thumb Code     2  startup_tm4c123.o(.text)
    TIMER5B_Handler                          0x0000031f   Thumb Code     2  startup_tm4c123.o(.text)
    WTIMER0A_Handler                         0x00000321   Thumb Code     2  startup_tm4c123.o(.text)
    WTIMER0B_Handler                         0x00000323   Thumb Code     2  startup_tm4c123.o(.text)
    WTIMER1A_Handler                         0x00000325   Thumb Code     2  startup_tm4c123.o(.text)
    WTIMER1B_Handler                         0x00000327   Thumb Code     2  startup_tm4c123.o(.text)
    WTIMER2A_Handler                         0x00000329   Thumb Code     2  startup_tm4c123.o(.text)
    WTIMER2B_Handler                         0x0000032b   Thumb Code     2  startup_tm4c123.o(.text)
    WTIMER3A_Handler                         0x0000032d   Thumb Code     2  startup_tm4c123.o(.text)
    WTIMER3B_Handler                         0x0000032f   Thumb Code     2  startup_tm4c123.o(.text)
    WTIMER4A_Handler                         0x00000331   Thumb Code     2  startup_tm4c123.o(.text)
    WTIMER4B_Handler                         0x00000333   Thumb Code     2  startup_tm4c123.o(.text)
    WTIMER5A_Handler                         0x00000335   Thumb Code     2  startup_tm4c123.o(.text)
    WTIMER5B_Handler                         0x00000337   Thumb Code     2  startup_tm4c123.o(.text)
    FPU_Handler                              0x00000339   Thumb Code     2  startup_tm4c123.o(.text)
    I2C4_Handler                             0x0000033b   Thumb Code     2  startup_tm4c123.o(.text)
    I2C5_Handler                             0x0000033d   Thumb Code     2  startup_tm4c123.o(.text)
    GPIOM_Handler                            0x0000033f   Thumb Code     2  startup_tm4c123.o(.text)
    GPION_Handler                            0x00000341   Thumb Code     2  startup_tm4c123.o(.text)
    QEI2_Handler                             0x00000343   Thumb Code     2  startup_tm4c123.o(.text)
    GPIOP0_Handler                           0x00000345   Thumb Code     2  startup_tm4c123.o(.text)
    GPIOP1_Handler                           0x00000347   Thumb Code     2  startup_tm4c123.o(.text)
    GPIOP2_Handler                           0x00000349   Thumb Code     2  startup_tm4c123.o(.text)
    GPIOP3_Handler                           0x0000034b   Thumb Code     2  startup_tm4c123.o(.text)
    GPIOP4_Handler                           0x0000034d   Thumb Code     2  startup_tm4c123.o(.text)
    GPIOP5_Handler                           0x0000034f   Thumb Code     2  startup_tm4c123.o(.text)
    GPIOP6_Handler                           0x00000351   Thumb Code     2  startup_tm4c123.o(.text)
    GPIOP7_Handler                           0x00000353   Thumb Code     2  startup_tm4c123.o(.text)
    GPIOQ0_Handler                           0x00000355   Thumb Code     2  startup_tm4c123.o(.text)
    GPIOQ1_Handler                           0x00000357   Thumb Code     2  startup_tm4c123.o(.text)
    GPIOQ2_Handler                           0x00000359   Thumb Code     2  startup_tm4c123.o(.text)
    GPIOQ3_Handler                           0x0000035b   Thumb Code     2  startup_tm4c123.o(.text)
    GPIOQ4_Handler                           0x0000035d   Thumb Code     2  startup_tm4c123.o(.text)
    GPIOQ5_Handler                           0x0000035f   Thumb Code     2  startup_tm4c123.o(.text)
    GPIOQ6_Handler                           0x00000361   Thumb Code     2  startup_tm4c123.o(.text)
    GPIOQ7_Handler                           0x00000363   Thumb Code     2  startup_tm4c123.o(.text)
    GPIOR_Handler                            0x00000365   Thumb Code     2  startup_tm4c123.o(.text)
    GPIOS_Handler                            0x00000367   Thumb Code     2  startup_tm4c123.o(.text)
    PMW1_0_Handler                           0x00000369   Thumb Code     2  startup_tm4c123.o(.text)
    PWM1_1_Handler                           0x0000036b   Thumb Code     2  startup_tm4c123.o(.text)
    PWM1_2_Handler                           0x0000036d   Thumb Code     2  startup_tm4c123.o(.text)
    PWM1_3_Handler                           0x0000036f   Thumb Code     2  startup_tm4c123.o(.text)
    PWM1_FAULT_Handler                       0x00000371   Thumb Code     2  startup_tm4c123.o(.text)
    __aeabi_memcpy                           0x0000037d   Thumb Code    36  memcpya.o(.text)
    __aeabi_memcpy4                          0x0000037d   Thumb Code     0  memcpya.o(.text)
    __aeabi_memcpy8                          0x0000037d   Thumb Code     0  memcpya.o(.text)
    __aeabi_dadd                             0x000003a1   Thumb Code   322  dadd.o(.text)
    __aeabi_dsub                             0x000004e3   Thumb Code     6  dadd.o(.text)
    __aeabi_drsub                            0x000004e9   Thumb Code     6  dadd.o(.text)
    __aeabi_dmul                             0x000004ef   Thumb Code   228  dmul.o(.text)
    __aeabi_ddiv                             0x000005d3   Thumb Code   222  ddiv.o(.text)
    __aeabi_i2d                              0x000006b1   Thumb Code    34  dflti.o(.text)
    __aeabi_ui2d                             0x000006d3   Thumb Code    26  dfltui.o(.text)
    __aeabi_f2d                              0x000006ed   Thumb Code    38  f2d.o(.text)
    __aeabi_d2f                              0x00000713   Thumb Code    56  d2f.o(.text)
    __aeabi_llsl                             0x0000074b   Thumb Code    30  llshl.o(.text)
    _ll_shift_l                              0x0000074b   Thumb Code     0  llshl.o(.text)
    __aeabi_llsr                             0x00000769   Thumb Code    32  llushr.o(.text)
    _ll_ushift_r                             0x00000769   Thumb Code     0  llushr.o(.text)
    __aeabi_lasr                             0x00000789   Thumb Code    36  llsshr.o(.text)
    _ll_sshift_r                             0x00000789   Thumb Code     0  llsshr.o(.text)
    __I$use$fp                               0x000007ad   Thumb Code     0  iusefp.o(.text)
    _float_round                             0x000007ad   Thumb Code    18  fepilogue.o(.text)
    _float_epilogue                          0x000007bf   Thumb Code    92  fepilogue.o(.text)
    _double_round                            0x0000081b   Thumb Code    30  depilogue.o(.text)
    _double_epilogue                         0x00000839   Thumb Code   156  depilogue.o(.text)
    __scatterload                            0x000008d5   Thumb Code    28  init.o(.text)
    __scatterload_rt2                        0x000008d5   Thumb Code     0  init.o(.text)
    __aeabi_d2iz                             0x000008f9   Thumb Code    62  dfixi.o(.text)
    __decompress                             0x00000937   Thumb Code     0  __dczerorl2.o(.text)
    __decompress1                            0x00000937   Thumb Code    86  __dczerorl2.o(.text)
    ADCIntRegister                           0x000009b9   Thumb Code    92  adc.o(i.ADCIntRegister)
    ALL_PID_Init                             0x00000a21   Thumb Code    24  ano_flightctrl.o(i.ALL_PID_Init)
    ANO_DT_Init                              0x00000a39   Thumb Code   188  ano_dt_lx.o(i.ANO_DT_Init)
    ANO_DT_LX_Data_Receive_Prepare           0x00000cfd   Thumb Code   258  ano_dt_lx.o(i.ANO_DT_LX_Data_Receive_Prepare)
    ANO_LX_Data_Exchange_Task                0x00000e25   Thumb Code    74  ano_dt_lx.o(i.ANO_LX_Data_Exchange_Task)
    ANO_LX_Task                              0x00000e71   Thumb Code   144  ano_lx.o(i.ANO_LX_Task)
    All_Init                                 0x000012e1   Thumb Code   110  drv_bsp.o(i.All_Init)
    AnoOF_Check_State                        0x00001355   Thumb Code   180  drv_anoof.o(i.AnoOF_Check_State)
    AnoOF_GetOneByte                         0x00001591   Thumb Code   252  drv_anoof.o(i.AnoOF_GetOneByte)
    Bt_Duty                                  0x000016c1   Thumb Code    78  drv_bluetooch.o(i.Bt_Duty)
    CK_Back                                  0x0000171d   Thumb Code    12  ano_dt_lx.o(i.CK_Back)
    CMD_Send                                 0x00001795   Thumb Code    22  ano_dt_lx.o(i.CMD_Send)
    Car_Send                                 0x000017b1   Thumb Code    92  drv_bluetooch.o(i.Car_Send)
    Car_Send_Set                             0x00001811   Thumb Code    92  drv_bluetooch.o(i.Car_Send_Set)
    DrvAdcInit                               0x00001901   Thumb Code   164  drv_adc.o(i.DrvAdcInit)
    DrvLedOnOff                              0x000019b9   Thumb Code   170  drv_led.o(i.DrvLedOnOff)
    DrvMotorPWMSet                           0x00001a6d   Thumb Code   222  drv_pwmout.o(i.DrvMotorPWMSet)
    DrvPpmGetOneCh                           0x00001b59   Thumb Code    92  drv_bsp.o(i.DrvPpmGetOneCh)
    DrvPwmOutInit                            0x00001bbd   Thumb Code   666  drv_pwmout.o(i.DrvPwmOutInit)
    DrvRcInputInit                           0x00001e95   Thumb Code    20  drv_bsp.o(i.DrvRcInputInit)
    DrvRcInputTask                           0x00001ead   Thumb Code   268  drv_bsp.o(i.DrvRcInputTask)
    DrvRcPpmInit                             0x00001fc9   Thumb Code   182  drv_rcin.o(i.DrvRcPpmInit)
    DrvRcSbusInit                            0x0000209d   Thumb Code   156  drv_rcin.o(i.DrvRcSbusInit)
    DrvSbusGetOneByte                        0x00002155   Thumb Code   560  drv_bsp.o(i.DrvSbusGetOneByte)
    DrvSysInit                               0x0000239d   Thumb Code    68  drv_sys.o(i.DrvSysInit)
    DrvTimerFcInit                           0x000023ed   Thumb Code   110  drv_timer.o(i.DrvTimerFcInit)
    DrvUart1Init                             0x00002469   Thumb Code   192  drv_uart.o(i.DrvUart1Init)
    DrvUart1SendBuf                          0x00002539   Thumb Code    42  drv_uart.o(i.DrvUart1SendBuf)
    DrvUart1TxCheck                          0x0000256d   Thumb Code    52  drv_uart.o(i.DrvUart1TxCheck)
    DrvUart2Init                             0x000025b1   Thumb Code   188  drv_uart.o(i.DrvUart2Init)
    DrvUart2SendBuf                          0x00002689   Thumb Code    42  drv_uart.o(i.DrvUart2SendBuf)
    DrvUart2TxCheck                          0x000026bd   Thumb Code    52  drv_uart.o(i.DrvUart2TxCheck)
    DrvUart3Init                             0x00002701   Thumb Code   188  drv_uart.o(i.DrvUart3Init)
    DrvUart3SendBuf                          0x000027d9   Thumb Code    42  drv_uart.o(i.DrvUart3SendBuf)
    DrvUart3TxCheck                          0x0000280d   Thumb Code    52  drv_uart.o(i.DrvUart3TxCheck)
    DrvUart4Init                             0x00002851   Thumb Code   188  drv_uart.o(i.DrvUart4Init)
    DrvUart4TxCheck                          0x00002929   Thumb Code    52  drv_uart.o(i.DrvUart4TxCheck)
    DrvUart5Init                             0x0000296d   Thumb Code   206  drv_uart.o(i.DrvUart5Init)
    DrvUart5SendBuf                          0x00002a61   Thumb Code    42  drv_uart.o(i.DrvUart5SendBuf)
    DrvUart5TxCheck                          0x00002a95   Thumb Code    52  drv_uart.o(i.DrvUart5TxCheck)
    DrvUartDataCheck                         0x00002ad9   Thumb Code    24  drv_uart.o(i.DrvUartDataCheck)
    Drv_AdcGetBatVot                         0x00002af1   Thumb Code    84  drv_adc.o(i.Drv_AdcGetBatVot)
    Drv_BeepOnOff                            0x00002b61   Thumb Code    96  drv_beep.o(i.Drv_BeepOnOff)
    DvrLedInit                               0x00002bcd   Thumb Code   120  drv_led.o(i.DvrLedInit)
    Dvr_BeepInit                             0x00002c51   Thumb Code    94  drv_beep.o(i.Dvr_BeepInit)
    FC_Lock                                  0x00002e35   Thumb Code    60  lx_fc_fun.o(i.FC_Lock)
    FC_Unlock                                0x00002e7d   Thumb Code    56  lx_fc_fun.o(i.FC_Unlock)
    Flight_Mode_Set                          0x00002ebd   Thumb Code   774  ano_flightctrl.o(i.Flight_Mode_Set)
    GPS_Data_Prepare_Task                    0x000032b1   Thumb Code   306  drv_ubloxgps.o(i.GPS_Data_Prepare_Task)
    GetSysRunTimeMs                          0x0000348d   Thumb Code     6  drv_sys.o(i.GetSysRunTimeMs)
    GetSysRunTimeUs                          0x00003499   Thumb Code    46  drv_sys.o(i.GetSysRunTimeUs)
    Horizontal_Calibrate                     0x000034cd   Thumb Code    50  lx_fc_fun.o(i.Horizontal_Calibrate)
    IntEnable                                0x00003505   Thumb Code    92  interrupt.o(i.IntEnable)
    IntRegister                              0x00003569   Thumb Code    44  interrupt.o(i.IntRegister)
    LASER_ctrl                               0x0000359d   Thumb Code   220  drv_beep.o(i.LASER_ctrl)
    LED_1ms_DRV                              0x00003691   Thumb Code    78  drv_led.o(i.LED_1ms_DRV)
    LX_Cali_Trig_Check                       0x000036e9   Thumb Code   150  lx_fc_state.o(i.LX_Cali_Trig_Check)
    LX_Change_Mode                           0x0000378d   Thumb Code    80  lx_fc_fun.o(i.LX_Change_Mode)
    LX_FC_EXT_Sensor_Task                    0x000037e9   Thumb Code    78  lx_fc_ext_sensor.o(i.LX_FC_EXT_Sensor_Task)
    LX_FC_State_Task                         0x00003849   Thumb Code    26  lx_fc_state.o(i.LX_FC_State_Task)
    Loc_Ctrl                                 0x00003a39   Thumb Code  1330  ano_locctrl.o(i.Loc_Ctrl)
    MV_Decoupling                            0x00004015   Thumb Code   706  drv_mv.o(i.MV_Decoupling)
    MV_Fix                                   0x00004321   Thumb Code   296  drv_mv.o(i.MV_Fix)
    MV_Flag_Check                            0x00004459   Thumb Code   190  drv_mv.o(i.MV_Flag_Check)
    Mag_Calibrate                            0x00004531   Thumb Code    50  lx_fc_fun.o(i.Mag_Calibrate)
    MyDelayMs                                0x00004569   Thumb Code    30  drv_sys.o(i.MyDelayMs)
    OneKey_Land                              0x0000458d   Thumb Code    56  lx_fc_fun.o(i.OneKey_Land)
    OneKey_Return_Home                       0x000045cd   Thumb Code    50  lx_fc_fun.o(i.OneKey_Return_Home)
    OneKey_Takeoff                           0x00004605   Thumb Code    70  lx_fc_fun.o(i.OneKey_Takeoff)
    PAR_Back                                 0x00004655   Thumb Code    14  ano_dt_lx.o(i.PAR_Back)
    PID_calculate                            0x00004669   Thumb Code   284  ano_pid.o(i.PID_calculate)
    Player1_Duty                             0x0000480d   Thumb Code   176  drv_mv1.o(i.Player1_Duty)
    Player_Duty                              0x000048c9   Thumb Code    74  drv_mv.o(i.Player_Duty)
    Player_Mv1_Receive                       0x00004919   Thumb Code   224  drv_mv1.o(i.Player_Mv1_Receive)
    Player_Mv_Receive                        0x00004a09   Thumb Code   224  drv_mv.o(i.Player_Mv_Receive)
    Player_Send_Set                          0x00004af9   Thumb Code   106  drv_mv.o(i.Player_Send_Set)
    Player_Sendmv1_Set                       0x00004b69   Thumb Code   106  drv_mv1.o(i.Player_Sendmv1_Set)
    Player_bt_Receive                        0x00004bd9   Thumb Code   224  drv_bluetooch.o(i.Player_bt_Receive)
    Scheduler_Run                            0x00004ffd   Thumb Code    76  ano_scheduler.o(i.Scheduler_Run)
    Scheduler_Setup                          0x0000504d   Thumb Code    76  ano_scheduler.o(i.Scheduler_Setup)
    Send_Set_mode                            0x0000509d   Thumb Code   122  drv_bluetooch.o(i.Send_Set_mode)
    SysCtlClockGet                           0x00005121   Thumb Code   304  sysctl.o(i.SysCtlClockGet)
    SysTick_Handler                          0x00005275   Thumb Code    20  drv_sys.o(i.SysTick_Handler)
    SysTick_Init                             0x0000528d   Thumb Code    54  drv_sys.o(i.SysTick_Init)
    SystemInit                               0x000052c5   Thumb Code   112  system_tm4c123.o(i.SystemInit)
    Timer0Irq                                0x0000535d   Thumb Code    16  drv_timer.o(i.Timer0Irq)
    TimerIntClear                            0x00005371   Thumb Code     4  timer.o(i.TimerIntClear)
    TimerIntRegister                         0x00005375   Thumb Code    88  timer.o(i.TimerIntRegister)
    Tracking_Ctrl1                           0x000053dd   Thumb Code  5786  ano_locctrl.o(i.Tracking_Ctrl1)
    Tracking_Ctrl2                           0x00006a99   Thumb Code  5786  ano_locctrl.o(i.Tracking_Ctrl2)
    Tracking_Ctrl3                           0x00008155   Thumb Code  5792  ano_locctrl.o(i.Tracking_Ctrl3)
    Tracking_Ctrl4                           0x00009815   Thumb Code  5786  ano_locctrl.o(i.Tracking_Ctrl4)
    Tracking_Ctrl5                           0x0000aed1   Thumb Code  5786  ano_locctrl.o(i.Tracking_Ctrl5)
    Tracking_Ctrl6                           0x0000c58d   Thumb Code  5786  ano_locctrl.o(i.Tracking_Ctrl6)
    UART1_IRQHandler                         0x0000dc49   Thumb Code    82  drv_uart.o(i.UART1_IRQHandler)
    UART2_IRQHandler                         0x0000dca1   Thumb Code    82  drv_uart.o(i.UART2_IRQHandler)
    UART3_IRQHandler                         0x0000dcf9   Thumb Code    82  drv_uart.o(i.UART3_IRQHandler)
    UART4_IRQHandler                         0x0000dd51   Thumb Code    82  drv_uart.o(i.UART4_IRQHandler)
    UART5_IRQHandler                         0x0000dda9   Thumb Code    82  drv_uart.o(i.UART5_IRQHandler)
    UARTIntRegister                          0x0000de01   Thumb Code    70  uart.o(i.UARTIntRegister)
    User_Alt_PID_Init                        0x0000de59   Thumb Code    44  ano_alt.o(i.User_Alt_PID_Init)
    User_Len_PID_Init                        0x0000de91   Thumb Code    56  ano_locctrl.o(i.User_Len_PID_Init)
    User_Loc_PID_Init                        0x0000ded9   Thumb Code    56  ano_locctrl.o(i.User_Loc_PID_Init)
    User_line_PID_Init                       0x0000df1d   Thumb Code    56  ano_locctrl.o(i.User_line_PID_Init)
    User_my_yaw_2level                       0x0000df65   Thumb Code     2  drv_yaw.o(i.User_my_yaw_2level)
    User_my_yaw_PID_Init                     0x0000df69   Thumb Code    56  drv_yaw.o(i.User_my_yaw_PID_Init)
    Walk_Ctrl                                0x0000dfad   Thumb Code   564  ano_locctrl.o(i.Walk_Ctrl)
    __ARM_fpclassify                         0x0000e1fd   Thumb Code    48  fpclassify.o(i.__ARM_fpclassify)
    __hardfp_tan                             0x0000e231   Thumb Code   108  tan.o(i.__hardfp_tan)
    __ieee754_rem_pio2                       0x0000e2b1   Thumb Code   938  rred.o(i.__ieee754_rem_pio2)
    __kernel_poly                            0x0000e6e9   Thumb Code   248  poly.o(i.__kernel_poly)
    __kernel_tan                             0x0000e7e1   Thumb Code   764  tan_i.o(i.__kernel_tan)
    __mathlib_dbl_infnan                     0x0000eb31   Thumb Code    20  dunder.o(i.__mathlib_dbl_infnan)
    __mathlib_dbl_invalid                    0x0000eb49   Thumb Code    24  dunder.o(i.__mathlib_dbl_invalid)
    __mathlib_dbl_underflow                  0x0000eb69   Thumb Code    24  dunder.o(i.__mathlib_dbl_underflow)
    __scatterload_copy                       0x0000eb89   Thumb Code    14  handlers.o(i.__scatterload_copy)
    __scatterload_null                       0x0000eb97   Thumb Code     2  handlers.o(i.__scatterload_null)
    __scatterload_zeroinit                   0x0000eb99   Thumb Code    14  handlers.o(i.__scatterload_zeroinit)
    __set_errno                              0x0000eba9   Thumb Code     6  errno.o(i.__set_errno)
    beep_Ctrl                                0x0000ebb5   Thumb Code    24  drv_beep.o(i.beep_Ctrl)
    drvAdcTrigger                            0x0000ebd1   Thumb Code    18  drv_adc.o(i.drvAdcTrigger)
    fabs                                     0x0000ebe9   Thumb Code    24  fabs.o(i.fabs)
    main                                     0x0000ec01   Thumb Code    16  main.o(i.main)
    my_deadzone                              0x0000ec11   Thumb Code    54  ano_math.o(i.my_deadzone)
    Region$$Table$$Base                      0x0000f2a8   Number         0  anon$$obj.o(Region$$Table)
    Region$$Table$$Limit                     0x0000f2c8   Number         0  anon$$obj.o(Region$$Table)
    fc_bat                                   0x2000005c   Data           4  ano_lx.o(.data)
    fc_att                                   0x20000060   Data           7  ano_lx.o(.data)
    fc_vel                                   0x20000067   Data           6  ano_lx.o(.data)
    Yaw_Dps_Out                              0x20000070   Data           4  ano_lx.o(.data)
    Vel_X_Out                                0x20000074   Data           4  ano_lx.o(.data)
    Vel_Y_Out                                0x20000078   Data           4  ano_lx.o(.data)
    Vel_Z_Out                                0x2000007c   Data           4  ano_lx.o(.data)
    flag_trackingoff                         0x20000092   Data           1  lx_fc_fun.o(.data)
    sti_fun                                  0x20000094   Data           2  lx_fc_state.o(.data)
    pvt_receive_updata                       0x200000b2   Data           1  drv_ubloxgps.o(.data)
    fre_test_cnt                             0x200000b4   Data           2  drv_ubloxgps.o(.data)
    Period_Out_H                             0x200000b6   Data          14  drv_ubloxgps.o(.data)
    Period_Out_L                             0x200000c4   Data          14  drv_ubloxgps.o(.data)
    Pulse_Period                             0x200000d2   Data          28  drv_ubloxgps.o(.data)
    Baud115200                               0x200000ee   Data          28  drv_ubloxgps.o(.data)
    Save_Con                                 0x2000010a   Data          21  drv_ubloxgps.o(.data)
    POLLSH_SET                               0x2000011f   Data          11  drv_ubloxgps.o(.data)
    SOL_SET                                  0x2000012a   Data          11  drv_ubloxgps.o(.data)
    VELNED_SET                               0x20000135   Data          11  drv_ubloxgps.o(.data)
    TIMEUTC_SET                              0x20000140   Data          11  drv_ubloxgps.o(.data)
    DOP_SET                                  0x2000014b   Data          11  drv_ubloxgps.o(.data)
    PVT_SET                                  0x20000156   Data          11  drv_ubloxgps.o(.data)
    pvt_recerve_ok_cnt                       0x20000166   Data           1  drv_ubloxgps.o(.data)
    AdcTemp                                  0x20000170   Data           4  drv_adc.o(.data)
    led                                      0x20000174   Data           4  drv_led.o(.data)
    U1TxInCnt                                0x2000018c   Data           1  drv_uart.o(.data)
    U1TxOutCnt                               0x2000018d   Data           1  drv_uart.o(.data)
    U2TxInCnt                                0x2000018e   Data           1  drv_uart.o(.data)
    U2TxOutCnt                               0x2000018f   Data           1  drv_uart.o(.data)
    U3TxInCnt                                0x20000190   Data           1  drv_uart.o(.data)
    U3TxOutCnt                               0x20000191   Data           1  drv_uart.o(.data)
    U4TxInCnt                                0x20000192   Data           1  drv_uart.o(.data)
    U4TxOutCnt                               0x20000193   Data           1  drv_uart.o(.data)
    U5TxInCnt                                0x20000194   Data           1  drv_uart.o(.data)
    U5TxOutCnt                               0x20000195   Data           1  drv_uart.o(.data)
    User_Alt_ctrl                            0x20000198   Data           4  ano_alt.o(.data)
    Pro_Ctr_step1                            0x2000019c   Data           1  ano_flightctrl.o(.data)
    Pro_Ctr_step2                            0x2000019d   Data           1  ano_flightctrl.o(.data)
    mode                                     0x2000019e   Data           1  ano_flightctrl.o(.data)
    my_flight                                0x2000019f   Data           8  ano_flightctrl.o(.data)
    my_flight_mv1                            0x200001a7   Data           8  ano_flightctrl.o(.data)
    loc_free_x                               0x200001b2   Data           1  ano_locctrl.o(.data)
    contral_mode                             0x200001b3   Data           1  ano_locctrl.o(.data)
    ks_free                                  0x200001b4   Data           1  ano_locctrl.o(.data)
    cross_step                               0x200001b5   Data           1  ano_locctrl.o(.data)
    dot_two_mode                             0x200001b6   Data           1  ano_locctrl.o(.data)
    YAW_flag                                 0x200001b7   Data           1  ano_locctrl.o(.data)
    Dot_flag                                 0x200001b8   Data           1  ano_locctrl.o(.data)
    beep_flag                                0x200001bc   Data           1  drv_beep.o(.data)
    laser_flag                               0x200001bd   Data           1  drv_beep.o(.data)
    laser_TX                                 0x200001be   Data           1  drv_beep.o(.data)
    tracking_time                            0x200001c0   Data           4  drv_beep.o(.data)
    sum_sum                                  0x200001c4   Data           1  drv_beep.o(.data)
    one_Kland                                0x200001d0   Data           1  drv_bluetooch.o(.data)
    i                                        0x200001d1   Data           1  drv_bluetooch.o(.data)
    lengold                                  0x200001d4   Data           4  drv_bluetooch.o(.data)
    sum                                      0x200001d8   Data           4  drv_bluetooch.o(.data)
    Pro_Ctr_step                             0x200001dc   Data           1  drv_bluetooch.o(.data)
    Mv_loc_x                                 0x20000200   Data           4  drv_mv.o(.data)
    Mv_loc_y                                 0x20000204   Data           4  drv_mv.o(.data)
    mcu_rx                                   0x20000208   Data           6  drv_mv.o(.data)
    send_buffer                              0x2000066c   Data          50  ano_dt_lx.o(.bss)
    dt                                       0x200006a0   Data        1564  ano_dt_lx.o(.bss)
    rt_tar                                   0x20000dbc   Data          14  ano_lx.o(.bss)
    pwm_to_esc                               0x20000dca   Data          16  ano_lx.o(.bss)
    fc_att_qua                               0x20000dda   Data           9  ano_lx.o(.bss)
    ext_sens                                 0x20000df4   Data          48  lx_fc_ext_sensor.o(.bss)
    fc_sta                                   0x20000e24   Data          11  lx_fc_state.o(.bss)
    rc_in                                    0x20000e30   Data          82  drv_bsp.o(.bss)
    ano_of                                   0x20000e9c   Data          60  drv_anoof.o(.bss)
    ubx                                      0x20000f18   Data         100  drv_ubloxgps.o(.bss)
    U1TxDataTemp                             0x20000f7c   Data         256  drv_uart.o(.bss)
    U2TxDataTemp                             0x2000107c   Data         256  drv_uart.o(.bss)
    U3TxDataTemp                             0x2000117c   Data         256  drv_uart.o(.bss)
    U4TxDataTemp                             0x2000127c   Data         256  drv_uart.o(.bss)
    U5TxDataTemp                             0x2000137c   Data         256  drv_uart.o(.bss)
    my_alt_arg_1                             0x2000147c   Data          24  ano_alt.o(.bss)
    my_alt_val_1                             0x20001494   Data          40  ano_alt.o(.bss)
    my_alt_fix                               0x200014bc   Data          36  ano_alt.o(.bss)
    len_arg_2                                0x200014e0   Data          48  ano_locctrl.o(.bss)
    len_val_2                                0x20001510   Data          80  ano_locctrl.o(.bss)
    loc_arg_2                                0x20001560   Data          48  ano_locctrl.o(.bss)
    loc_val_2                                0x20001590   Data          80  ano_locctrl.o(.bss)
    line_arg_2                               0x200015e0   Data          48  ano_locctrl.o(.bss)
    line_val_2                               0x20001610   Data          80  ano_locctrl.o(.bss)
    tracking1                                0x20001660   Data          24  ano_locctrl.o(.bss)
    tracking2                                0x20001678   Data          24  ano_locctrl.o(.bss)
    tracking3                                0x20001690   Data          24  ano_locctrl.o(.bss)
    tracking4                                0x200016a8   Data          24  ano_locctrl.o(.bss)
    tracking5                                0x200016c0   Data          24  ano_locctrl.o(.bss)
    tracking6                                0x200016d8   Data          24  ano_locctrl.o(.bss)
    ur_loc_c                                 0x200016f0   Data          36  ano_locctrl.o(.bss)
    len_loc_c                                0x20001714   Data          36  ano_locctrl.o(.bss)
    line_loc_c                               0x20001738   Data          36  ano_locctrl.o(.bss)
    Set_Car                                  0x2000175c   Data          50  drv_bluetooch.o(.bss)
    ks                                       0x20001790   Data          20  drv_bluetooch.o(.bss)
    Set_Mode                                 0x200017a4   Data          50  drv_bluetooch.o(.bss)
    line                                     0x200017f8   Data          40  drv_mv.o(.bss)
    dot                                      0x20001820   Data          12  drv_mv.o(.bss)
    line_mv1                                 0x2000182c   Data          40  drv_mv.o(.bss)
    dot_mv1                                  0x20001854   Data          12  drv_mv.o(.bss)
    MV_mv1                                   0x20001860   Data          60  drv_mv.o(.bss)
    Set_Mv_Mode                              0x2000189c   Data          50  drv_mv.o(.bss)
    Set_Angle_Mode                           0x200018ce   Data          50  drv_mv.o(.bss)
    MV                                       0x20001900   Data          60  drv_mv.o(.bss)
    Set_Mv1_Mode                             0x2000195c   Data          50  drv_mv1.o(.bss)
    Set_PTOTOmv1_Mode                        0x2000198e   Data          50  drv_mv1.o(.bss)
    my_yaw_arg21                             0x200019e0   Data          48  drv_yaw.o(.bss)
    my_yaw_val_2                             0x20001a10   Data          80  drv_yaw.o(.bss)
    my_yaw_val_1                             0x20001a60   Data          80  drv_yaw.o(.bss)
    my_yaw_fix                               0x20001ab0   Data          36  drv_yaw.o(.bss)
    __initial_sp                             0x200024d8   Data           0  startup_tm4c123.o(STACK)



==============================================================================

Memory Map of the image

  Image Entry point : 0x00000281

  Load Region LR_1 (Base: 0x00000000, Size: 0x0000f934, Max: 0xffffffff, ABSOLUTE, COMPRESSED[0x0000f378])

    Execution Region ER_RO (Base: 0x00000000, Size: 0x0000f2c8, Max: 0xffffffff, ABSOLUTE)

    Base Addr    Size         Type   Attr      Idx    E Section Name        Object

    0x00000000   0x0000026c   Data   RO         1401    RESET               startup_tm4c123.o
    0x0000026c   0x00000000   Code   RO         5404  * .ARM.Collect$$$$00000000  mc_w.l(entry.o)
    0x0000026c   0x00000004   Code   RO         5456    .ARM.Collect$$$$00000001  mc_w.l(entry2.o)
    0x00000270   0x00000004   Code   RO         5459    .ARM.Collect$$$$00000004  mc_w.l(entry5.o)
    0x00000274   0x00000000   Code   RO         5461    .ARM.Collect$$$$00000008  mc_w.l(entry7b.o)
    0x00000274   0x00000000   Code   RO         5463    .ARM.Collect$$$$0000000A  mc_w.l(entry8b.o)
    0x00000274   0x00000008   Code   RO         5464    .ARM.Collect$$$$0000000B  mc_w.l(entry9a.o)
    0x0000027c   0x00000000   Code   RO         5466    .ARM.Collect$$$$0000000D  mc_w.l(entry10a.o)
    0x0000027c   0x00000000   Code   RO         5468    .ARM.Collect$$$$0000000F  mc_w.l(entry11a.o)
    0x0000027c   0x00000004   Code   RO         5457    .ARM.Collect$$$$00002712  mc_w.l(entry2.o)
    0x00000280   0x000000fc   Code   RO         1402  * .text               startup_tm4c123.o
    0x0000037c   0x00000024   Code   RO         5407    .text               mc_w.l(memcpya.o)
    0x000003a0   0x0000014e   Code   RO         5411    .text               mf_w.l(dadd.o)
    0x000004ee   0x000000e4   Code   RO         5413    .text               mf_w.l(dmul.o)
    0x000005d2   0x000000de   Code   RO         5415    .text               mf_w.l(ddiv.o)
    0x000006b0   0x00000022   Code   RO         5417    .text               mf_w.l(dflti.o)
    0x000006d2   0x0000001a   Code   RO         5419    .text               mf_w.l(dfltui.o)
    0x000006ec   0x00000026   Code   RO         5423    .text               mf_w.l(f2d.o)
    0x00000712   0x00000038   Code   RO         5429    .text               mf_w.l(d2f.o)
    0x0000074a   0x0000001e   Code   RO         5470    .text               mc_w.l(llshl.o)
    0x00000768   0x00000020   Code   RO         5472    .text               mc_w.l(llushr.o)
    0x00000788   0x00000024   Code   RO         5474    .text               mc_w.l(llsshr.o)
    0x000007ac   0x00000000   Code   RO         5483    .text               mc_w.l(iusefp.o)
    0x000007ac   0x0000006e   Code   RO         5484    .text               mf_w.l(fepilogue.o)
    0x0000081a   0x000000ba   Code   RO         5486    .text               mf_w.l(depilogue.o)
    0x000008d4   0x00000024   Code   RO         5498    .text               mc_w.l(init.o)
    0x000008f8   0x0000003e   Code   RO         5502    .text               mf_w.l(dfixi.o)
    0x00000936   0x00000056   Code   RO         5512    .text               mc_w.l(__dczerorl2.o)
    0x0000098c   0x0000002c   Code   RO          935    i.ADC0Handler       drv_adc.o
    0x000009b8   0x00000068   Code   RO         1940    i.ADCIntRegister    driverlib.lib(adc.o)
    0x00000a20   0x00000018   Code   RO         1518    i.ALL_PID_Init      ano_flightctrl.o
    0x00000a38   0x000000c0   Code   RO          196    i.ANO_DT_Init       ano_dt_lx.o
    0x00000af8   0x00000204   Code   RO          197    i.ANO_DT_LX_Data_Receive_Anl  ano_dt_lx.o
    0x00000cfc   0x00000118   Code   RO          198    i.ANO_DT_LX_Data_Receive_Prepare  ano_dt_lx.o
    0x00000e14   0x00000010   Code   RO          199    i.ANO_DT_LX_Send_Data  ano_dt_lx.o
    0x00000e24   0x0000004a   Code   RO          200    i.ANO_LX_Data_Exchange_Task  ano_dt_lx.o
    0x00000e6e   0x00000002   PAD
    0x00000e70   0x0000009c   Code   RO          314    i.ANO_LX_Task       ano_lx.o
    0x00000f0c   0x000003d4   Code   RO          201    i.Add_Send_Data     ano_dt_lx.o
    0x000012e0   0x00000074   Code   RO          580    i.All_Init          drv_bsp.o
    0x00001354   0x000000c0   Code   RO          781    i.AnoOF_Check_State  drv_anoof.o
    0x00001414   0x0000017c   Code   RO          782    i.AnoOF_DataAnl     drv_anoof.o
    0x00001590   0x0000010c   Code   RO          783    i.AnoOF_GetOneByte  drv_anoof.o
    0x0000169c   0x00000024   Code   RO          315    i.Bat_Voltage_Data_Handle  ano_lx.o
    0x000016c0   0x0000005c   Code   RO         1714    i.Bt_Duty           drv_bluetooch.o
    0x0000171c   0x00000010   Code   RO          202    i.CK_Back           ano_dt_lx.o
    0x0000172c   0x00000068   Code   RO          203    i.CK_Back_Check     ano_dt_lx.o
    0x00001794   0x0000001c   Code   RO          204    i.CMD_Send          ano_dt_lx.o
    0x000017b0   0x00000060   Code   RO         1715    i.Car_Send          drv_bluetooch.o
    0x00001810   0x00000060   Code   RO         1716    i.Car_Send_Set      drv_bluetooch.o
    0x00001870   0x00000090   Code   RO          205    i.Check_To_Send     ano_dt_lx.o
    0x00001900   0x000000b8   Code   RO          936    i.DrvAdcInit        drv_adc.o
    0x000019b8   0x000000b4   Code   RO          991    i.DrvLedOnOff       drv_led.o
    0x00001a6c   0x000000ec   Code   RO         1034    i.DrvMotorPWMSet    drv_pwmout.o
    0x00001b58   0x00000064   Code   RO          581    i.DrvPpmGetOneCh    drv_bsp.o
    0x00001bbc   0x000002d8   Code   RO         1035    i.DrvPwmOutInit     drv_pwmout.o
    0x00001e94   0x00000018   Code   RO          582    i.DrvRcInputInit    drv_bsp.o
    0x00001eac   0x0000011c   Code   RO          583    i.DrvRcInputTask    drv_bsp.o
    0x00001fc8   0x000000d4   Code   RO         1078    i.DrvRcPpmInit      drv_rcin.o
    0x0000209c   0x000000b8   Code   RO         1079    i.DrvRcSbusInit     drv_rcin.o
    0x00002154   0x00000248   Code   RO          584    i.DrvSbusGetOneByte  drv_bsp.o
    0x0000239c   0x00000050   Code   RO          875    i.DrvSysInit        drv_sys.o
    0x000023ec   0x0000007c   Code   RO         1369    i.DrvTimerFcInit    drv_timer.o
    0x00002468   0x000000d0   Code   RO         1125    i.DrvUart1Init      drv_uart.o
    0x00002538   0x00000034   Code   RO         1126    i.DrvUart1SendBuf   drv_uart.o
    0x0000256c   0x00000044   Code   RO         1127    i.DrvUart1TxCheck   drv_uart.o
    0x000025b0   0x000000d8   Code   RO         1128    i.DrvUart2Init      drv_uart.o
    0x00002688   0x00000034   Code   RO         1129    i.DrvUart2SendBuf   drv_uart.o
    0x000026bc   0x00000044   Code   RO         1130    i.DrvUart2TxCheck   drv_uart.o
    0x00002700   0x000000d8   Code   RO         1131    i.DrvUart3Init      drv_uart.o
    0x000027d8   0x00000034   Code   RO         1132    i.DrvUart3SendBuf   drv_uart.o
    0x0000280c   0x00000044   Code   RO         1133    i.DrvUart3TxCheck   drv_uart.o
    0x00002850   0x000000d8   Code   RO         1134    i.DrvUart4Init      drv_uart.o
    0x00002928   0x00000044   Code   RO         1136    i.DrvUart4TxCheck   drv_uart.o
    0x0000296c   0x000000f4   Code   RO         1137    i.DrvUart5Init      drv_uart.o
    0x00002a60   0x00000034   Code   RO         1138    i.DrvUart5SendBuf   drv_uart.o
    0x00002a94   0x00000044   Code   RO         1139    i.DrvUart5TxCheck   drv_uart.o
    0x00002ad8   0x00000018   Code   RO         1140    i.DrvUartDataCheck  drv_uart.o
    0x00002af0   0x00000070   Code   RO          937    i.Drv_AdcGetBatVot  drv_adc.o
    0x00002b60   0x0000006c   Code   RO         1669    i.Drv_BeepOnOff     drv_beep.o
    0x00002bcc   0x00000084   Code   RO          992    i.DvrLedInit        drv_led.o
    0x00002c50   0x00000068   Code   RO         1670    i.Dvr_BeepInit      drv_beep.o
    0x00002cb8   0x0000017c   Code   RO          316    i.ESC_Output        ano_lx.o
    0x00002e34   0x00000048   Code   RO          425    i.FC_Lock           lx_fc_fun.o
    0x00002e7c   0x00000040   Code   RO          426    i.FC_Unlock         lx_fc_fun.o
    0x00002ebc   0x0000032c   Code   RO         1519    i.Flight_Mode_Set   ano_flightctrl.o
    0x000031e8   0x000000c8   Code   RO          206    i.Frame_Send        ano_dt_lx.o
    0x000032b0   0x0000014c   Code   RO          823    i.GPS_Data_Prepare_Task  drv_ubloxgps.o
    0x000033fc   0x00000090   Code   RO          387    i.General_Velocity_Data_Handle  lx_fc_ext_sensor.o
    0x0000348c   0x0000000c   Code   RO          876    i.GetSysRunTimeMs   drv_sys.o
    0x00003498   0x00000034   Code   RO          877    i.GetSysRunTimeUs   drv_sys.o
    0x000034cc   0x00000038   Code   RO          428    i.Horizontal_Calibrate  lx_fc_fun.o
    0x00003504   0x00000064   Code   RO         4141    i.IntEnable         driverlib.lib(interrupt.o)
    0x00003568   0x00000034   Code   RO         4153    i.IntRegister       driverlib.lib(interrupt.o)
    0x0000359c   0x000000f4   Code   RO         1671    i.LASER_ctrl        drv_beep.o
    0x00003690   0x00000058   Code   RO          993    i.LED_1ms_DRV       drv_led.o
    0x000036e8   0x000000a4   Code   RO          538    i.LX_Cali_Trig_Check  lx_fc_state.o
    0x0000378c   0x0000005c   Code   RO          430    i.LX_Change_Mode    lx_fc_fun.o
    0x000037e8   0x00000060   Code   RO          388    i.LX_FC_EXT_Sensor_Task  lx_fc_ext_sensor.o
    0x00003848   0x00000020   Code   RO          539    i.LX_FC_State_Task  lx_fc_state.o
    0x00003868   0x000001d0   Code   RO          540    i.LX_Unlock_Lock_Check  lx_fc_state.o
    0x00003a38   0x00000560   Code   RO         1552    i.Loc_Ctrl          ano_locctrl.o
    0x00003f98   0x00000002   Code   RO           95    i.Loop_1000Hz       ano_scheduler.o
    0x00003f9a   0x0000000a   Code   RO           96    i.Loop_100Hz        ano_scheduler.o
    0x00003fa4   0x0000000c   Code   RO           97    i.Loop_200Hz        ano_scheduler.o
    0x00003fb0   0x00000010   Code   RO           98    i.Loop_20Hz         ano_scheduler.o
    0x00003fc0   0x00000002   Code   RO           99    i.Loop_2Hz          ano_scheduler.o
    0x00003fc2   0x00000002   Code   RO          100    i.Loop_500Hz        ano_scheduler.o
    0x00003fc4   0x00000050   Code   RO          101    i.Loop_50Hz         ano_scheduler.o
    0x00004014   0x0000030c   Code   RO         1785    i.MV_Decoupling     drv_mv.o
    0x00004320   0x00000138   Code   RO         1786    i.MV_Fix            drv_mv.o
    0x00004458   0x000000d8   Code   RO         1787    i.MV_Flag_Check     drv_mv.o
    0x00004530   0x00000038   Code   RO          431    i.Mag_Calibrate     lx_fc_fun.o
    0x00004568   0x00000024   Code   RO          878    i.MyDelayMs         drv_sys.o
    0x0000458c   0x00000040   Code   RO          432    i.OneKey_Land       lx_fc_fun.o
    0x000045cc   0x00000038   Code   RO          433    i.OneKey_Return_Home  lx_fc_fun.o
    0x00004604   0x00000050   Code   RO          434    i.OneKey_Takeoff    lx_fc_fun.o
    0x00004654   0x00000014   Code   RO          207    i.PAR_Back          ano_dt_lx.o
    0x00004668   0x00000120   Code   RO         1645    i.PID_calculate     ano_pid.o
    0x00004788   0x00000084   Code   RO         1080    i.PPM_Decode        drv_rcin.o
    0x0000480c   0x000000bc   Code   RO         1845    i.Player1_Duty      drv_mv1.o
    0x000048c8   0x00000050   Code   RO         1788    i.Player_Duty       drv_mv.o
    0x00004918   0x000000f0   Code   RO         1846    i.Player_Mv1_Receive  drv_mv1.o
    0x00004a08   0x000000f0   Code   RO         1789    i.Player_Mv_Receive  drv_mv.o
    0x00004af8   0x00000070   Code   RO         1790    i.Player_Send_Set   drv_mv.o
    0x00004b68   0x00000070   Code   RO         1847    i.Player_Sendmv1_Set  drv_mv1.o
    0x00004bd8   0x000000f0   Code   RO         1717    i.Player_bt_Receive  drv_bluetooch.o
    0x00004cc8   0x000002e4   Code   RO          317    i.RC_Data_Task      ano_lx.o
    0x00004fac   0x00000050   Code   RO         1081    i.Sbus_IRQHandler   drv_rcin.o
    0x00004ffc   0x00000050   Code   RO          102    i.Scheduler_Run     ano_scheduler.o
    0x0000504c   0x00000050   Code   RO          103    i.Scheduler_Setup   ano_scheduler.o
    0x0000509c   0x00000084   Code   RO         1718    i.Send_Set_mode     drv_bluetooch.o
    0x00005120   0x00000154   Code   RO         2204    i.SysCtlClockGet    driverlib.lib(sysctl.o)
    0x00005274   0x00000018   Code   RO          879    i.SysTick_Handler   drv_sys.o
    0x0000528c   0x00000036   Code   RO          880    i.SysTick_Init      drv_sys.o
    0x000052c2   0x00000002   PAD
    0x000052c4   0x00000098   Code   RO         1410    i.SystemInit        system_tm4c123.o
    0x0000535c   0x00000014   Code   RO         1370    i.Timer0Irq         drv_timer.o
    0x00005370   0x00000004   Code   RO         2569    i.TimerIntClear     driverlib.lib(timer.o)
    0x00005374   0x00000068   Code   RO         2572    i.TimerIntRegister  driverlib.lib(timer.o)
    0x000053dc   0x000016bc   Code   RO         1553    i.Tracking_Ctrl1    ano_locctrl.o
    0x00006a98   0x000016bc   Code   RO         1554    i.Tracking_Ctrl2    ano_locctrl.o
    0x00008154   0x000016c0   Code   RO         1555    i.Tracking_Ctrl3    ano_locctrl.o
    0x00009814   0x000016bc   Code   RO         1556    i.Tracking_Ctrl4    ano_locctrl.o
    0x0000aed0   0x000016bc   Code   RO         1557    i.Tracking_Ctrl5    ano_locctrl.o
    0x0000c58c   0x000016bc   Code   RO         1558    i.Tracking_Ctrl6    ano_locctrl.o
    0x0000dc48   0x00000058   Code   RO         1142    i.UART1_IRQHandler  drv_uart.o
    0x0000dca0   0x00000058   Code   RO         1143    i.UART2_IRQHandler  drv_uart.o
    0x0000dcf8   0x00000058   Code   RO         1144    i.UART3_IRQHandler  drv_uart.o
    0x0000dd50   0x00000058   Code   RO         1145    i.UART4_IRQHandler  drv_uart.o
    0x0000dda8   0x00000058   Code   RO         1146    i.UART5_IRQHandler  drv_uart.o
    0x0000de00   0x00000058   Code   RO         2827    i.UARTIntRegister   driverlib.lib(uart.o)
    0x0000de58   0x00000038   Code   RO         1481    i.User_Alt_PID_Init  ano_alt.o
    0x0000de90   0x00000048   Code   RO         1559    i.User_Len_PID_Init  ano_locctrl.o
    0x0000ded8   0x00000044   Code   RO         1560    i.User_Loc_PID_Init  ano_locctrl.o
    0x0000df1c   0x00000048   Code   RO         1561    i.User_line_PID_Init  ano_locctrl.o
    0x0000df64   0x00000002   Code   RO         1891    i.User_my_yaw_2level  drv_yaw.o
    0x0000df66   0x00000002   PAD
    0x0000df68   0x00000044   Code   RO         1892    i.User_my_yaw_PID_Init  drv_yaw.o
    0x0000dfac   0x00000250   Code   RO         1562    i.Walk_Ctrl         ano_locctrl.o
    0x0000e1fc   0x00000030   Code   RO         5494    i.__ARM_fpclassify  m_wm.l(fpclassify.o)
    0x0000e22c   0x00000004   PAD
    0x0000e230   0x00000080   Code   RO         5392    i.__hardfp_tan      m_wm.l(tan.o)
    0x0000e2b0   0x00000438   Code   RO         5445    i.__ieee754_rem_pio2  m_wm.l(rred.o)
    0x0000e6e8   0x000000f8   Code   RO         5496    i.__kernel_poly     m_wm.l(poly.o)
    0x0000e7e0   0x00000350   Code   RO         5450    i.__kernel_tan      m_wm.l(tan_i.o)
    0x0000eb30   0x00000014   Code   RO         5432    i.__mathlib_dbl_infnan  m_wm.l(dunder.o)
    0x0000eb44   0x00000004   PAD
    0x0000eb48   0x00000020   Code   RO         5434    i.__mathlib_dbl_invalid  m_wm.l(dunder.o)
    0x0000eb68   0x00000020   Code   RO         5437    i.__mathlib_dbl_underflow  m_wm.l(dunder.o)
    0x0000eb88   0x0000000e   Code   RO         5506    i.__scatterload_copy  mc_w.l(handlers.o)
    0x0000eb96   0x00000002   Code   RO         5507    i.__scatterload_null  mc_w.l(handlers.o)
    0x0000eb98   0x0000000e   Code   RO         5508    i.__scatterload_zeroinit  mc_w.l(handlers.o)
    0x0000eba6   0x00000002   PAD
    0x0000eba8   0x0000000c   Code   RO         5478    i.__set_errno       mc_w.l(errno.o)
    0x0000ebb4   0x0000001c   Code   RO         1672    i.beep_Ctrl         drv_beep.o
    0x0000ebd0   0x00000018   Code   RO          938    i.drvAdcTrigger     drv_adc.o
    0x0000ebe8   0x00000018   Code   RO         5490    i.fabs              m_wm.l(fabs.o)
    0x0000ec00   0x00000010   Code   RO            4    i.main              main.o
    0x0000ec10   0x00000036   Code   RO          655    i.my_deadzone       ano_math.o
    0x0000ec46   0x00000002   PAD
    0x0000ec48   0x000000b8   Code   RO          585    i.rcSignalCheck     drv_bsp.o
    0x0000ed00   0x00000254   Data   RO         2257    .constdata          driverlib.lib(sysctl.o)
    0x0000ef54   0x000000a0   Data   RO         2593    .constdata          driverlib.lib(timer.o)
    0x0000eff4   0x00000080   Data   RO         2844    .constdata          driverlib.lib(uart.o)
    0x0000f074   0x0000010c   Data   RO         4157    .constdata          driverlib.lib(interrupt.o)
    0x0000f180   0x000000c8   Data   RO         5447    .constdata          m_wm.l(rred.o)
    0x0000f248   0x00000060   Data   RO         5451    .constdata          m_wm.l(tan_i.o)
    0x0000f2a8   0x00000020   Data   RO         5504    Region$$Table       anon$$obj.o


    Execution Region ER_RW (Base: 0x20000000, Size: 0x0000066c, Max: 0xffffffff, ABSOLUTE, COMPRESSED[0x000000b0])

    Base Addr    Size         Type   Attr      Idx    E Section Name        Object

    0x20000000   0x00000054   Data   RW          104    .data               ano_scheduler.o
    0x20000054   0x00000006   Data   RW          209    .data               ano_dt_lx.o
    0x2000005a   0x00000002   PAD
    0x2000005c   0x00000032   Data   RW          319    .data               ano_lx.o
    0x2000008e   0x00000004   Data   RW          390    .data               lx_fc_ext_sensor.o
    0x20000092   0x00000002   Data   RW          438    .data               lx_fc_fun.o
    0x20000094   0x00000006   Data   RW          542    .data               lx_fc_state.o
    0x2000009a   0x00000002   PAD
    0x2000009c   0x00000013   Data   RW          587    .data               drv_bsp.o
    0x200000af   0x00000003   Data   RW          785    .data               drv_anoof.o
    0x200000b2   0x000000b6   Data   RW          829    .data               drv_ubloxgps.o
    0x20000168   0x00000008   Data   RW          881    .data               drv_sys.o
    0x20000170   0x00000004   Data   RW          939    .data               drv_adc.o
    0x20000174   0x0000000c   Data   RW          994    .data               drv_led.o
    0x20000180   0x0000000c   Data   RW         1082    .data               drv_rcin.o
    0x2000018c   0x0000000a   Data   RW         1148    .data               drv_uart.o
    0x20000196   0x00000002   PAD
    0x20000198   0x00000004   Data   RW         1483    .data               ano_alt.o
    0x2000019c   0x00000016   Data   RW         1520    .data               ano_flightctrl.o
    0x200001b2   0x00000007   Data   RW         1564    .data               ano_locctrl.o
    0x200001b9   0x00000003   PAD
    0x200001bc   0x00000014   Data   RW         1673    .data               drv_beep.o
    0x200001d0   0x00000030   Data   RW         1722    .data               drv_bluetooch.o
    0x20000200   0x00000015   Data   RW         1792    .data               drv_mv.o
    0x20000215   0x00000007   Data   RW         1849    .data               drv_mv1.o
    0x2000021c   0x00000004   Data   RW         5479    .data               mc_w.l(errno.o)
    0x20000220   0x000001e0   PAD
    0x20000400   0x0000026c   Data   RW         4158    vtable              driverlib.lib(interrupt.o)


    Execution Region ER_ZI (Base: 0x2000066c, Size: 0x00001e6c, Max: 0xffffffff, ABSOLUTE)

    Base Addr    Size         Type   Attr      Idx    E Section Name        Object

    0x2000066c   0x00000750   Zero   RW          208    .bss                ano_dt_lx.o
    0x20000dbc   0x00000038   Zero   RW          318    .bss                ano_lx.o
    0x20000df4   0x00000030   Zero   RW          389    .bss                lx_fc_ext_sensor.o
    0x20000e24   0x0000000b   Zero   RW          541    .bss                lx_fc_state.o
    0x20000e2f   0x00000001   PAD
    0x20000e30   0x0000006b   Zero   RW          586    .bss                drv_bsp.o
    0x20000e9b   0x00000001   PAD
    0x20000e9c   0x0000007c   Zero   RW          784    .bss                drv_anoof.o
    0x20000f18   0x00000064   Zero   RW          828    .bss                drv_ubloxgps.o
    0x20000f7c   0x00000500   Zero   RW         1147    .bss                drv_uart.o
    0x2000147c   0x00000064   Zero   RW         1482    .bss                ano_alt.o
    0x200014e0   0x0000027c   Zero   RW         1563    .bss                ano_locctrl.o
    0x2000175c   0x0000009a   Zero   RW         1721    .bss                drv_bluetooch.o
    0x200017f6   0x00000002   PAD
    0x200017f8   0x00000164   Zero   RW         1791    .bss                drv_mv.o
    0x2000195c   0x00000084   Zero   RW         1848    .bss                drv_mv1.o
    0x200019e0   0x000000f4   Zero   RW         1893    .bss                drv_yaw.o
    0x20001ad4   0x00000004   PAD
    0x20001ad8   0x00000a00   Zero   RW         1399    STACK               startup_tm4c123.o


==============================================================================

Image component sizes


      Code (inc. data)   RO Data    RW Data    ZI Data      Debug   Object Name

        56         12          0          4        100        873   ano_alt.o
      2570        156          0          6       1872      11075   ano_dt_lx.o
       836         38          0         22          0       2124   ano_flightctrl.o
     37104       1846          0          7        636      24620   ano_locctrl.o
      1312        122          0         50         56       6648   ano_lx.o
        54          0          0          0          0        678   ano_math.o
       288          4          0          0          0       1308   ano_pid.o
       284         22          0         84          0       8189   ano_scheduler.o
       364         64          0          4          0       2526   drv_adc.o
       840         44          0          3        124       3812   drv_anoof.o
       484         50          0         20          0       2690   drv_beep.o
       656         54          0         48        154       5392   drv_bluetooch.o
      1292         74          0         19        107       5626   drv_bsp.o
       400         32          0         12          0       2551   drv_led.o
      1740        150          0         21        356       5493   drv_mv.o
       540         40          0          7        132       3587   drv_mv1.o
       964         76          0          0          0       1981   drv_pwmout.o
       608         80          0         12          0       2351   drv_rcin.o
       258         34          0          8          0      33757   drv_sys.o
       144         18          0          0          0       1113   drv_timer.o
      2112        288          0         10       1280      14291   drv_uart.o
       332         26          0        182        100       3078   drv_ubloxgps.o
        70         12          0          0        244       2165   drv_yaw.o
       240         42          0          4         48       3051   lx_fc_ext_sensor.o
       540         68          0          2          0       4997   lx_fc_fun.o
       660         46          0          6         11       2849   lx_fc_state.o
        16          0          0          0          0      32543   main.o
       252         10        620          0       2560       5468   startup_tm4c123.o
       152         40          0          0          0        645   system_tm4c123.o

    ----------------------------------------------------------------------
     55176       3448        652        540       7788     195481   Object Totals
         0          0         32          0          0          0   (incl. Generated)
         8          0          0          9          8          0   (incl. Padding)

    ----------------------------------------------------------------------

      Code (inc. data)   RO Data    RW Data    ZI Data      Debug   Library Member Name

       104         12          0          0          0       4777   adc.o
       152         16        268        620          0       2150   interrupt.o
       340         36        596          0          0       2653   sysctl.o
       108         16        160          0          0       2255   timer.o
        88         18        128          0          0       1795   uart.o
        84         16          0          0          0        372   dunder.o
        24          0          0          0          0        124   fabs.o
        48          0          0          0          0        124   fpclassify.o
       248          0          0          0          0        152   poly.o
      1080        142        200          0          0        188   rred.o
       128         20          0          0          0        144   tan.o
       848         84         96          0          0        196   tan_i.o
        86          0          0          0          0          0   __dczerorl2.o
         0          0          0          0          0          0   entry.o
         0          0          0          0          0          0   entry10a.o
         0          0          0          0          0          0   entry11a.o
         8          4          0          0          0          0   entry2.o
         4          0          0          0          0          0   entry5.o
         0          0          0          0          0          0   entry7b.o
         0          0          0          0          0          0   entry8b.o
         8          4          0          0          0          0   entry9a.o
        12          6          0          4          0         68   errno.o
        30          0          0          0          0          0   handlers.o
        36          8          0          0          0         68   init.o
         0          0          0          0          0          0   iusefp.o
        30          0          0          0          0         68   llshl.o
        36          0          0          0          0         68   llsshr.o
        32          0          0          0          0         68   llushr.o
        36          0          0          0          0         68   memcpya.o
        56          0          0          0          0         88   d2f.o
       334          0          0          0          0        148   dadd.o
       222          0          0          0          0        100   ddiv.o
       186          0          0          0          0        176   depilogue.o
        62          0          0          0          0         80   dfixi.o
        34          0          0          0          0         76   dflti.o
        26          0          0          0          0         76   dfltui.o
       228          0          0          0          0         96   dmul.o
        38          0          0          0          0         68   f2d.o
       110          0          0          0          0        168   fepilogue.o

    ----------------------------------------------------------------------
      4876        382       1448       1104          0      16414   Library Totals
        10          0          0        480          0          0   (incl. Padding)

    ----------------------------------------------------------------------

      Code (inc. data)   RO Data    RW Data    ZI Data      Debug   Library Name

       792         98       1152        620          0      13630   driverlib.lib
      2460        262        296          0          0       1300   m_wm.l
       318         22          0          4          0        408   mc_w.l
      1296          0          0          0          0       1076   mf_w.l

    ----------------------------------------------------------------------
      4876        382       1448       1104          0      16414   Library Totals

    ----------------------------------------------------------------------

==============================================================================


      Code (inc. data)   RO Data    RW Data    ZI Data      Debug   

     60052       3830       2100       1644       7788     198803   Grand Totals
     60052       3830       2100        176       7788     198803   ELF Image Totals (compressed)
     60052       3830       2100        176          0          0   ROM Totals

==============================================================================

    Total RO  Size (Code + RO Data)                62152 (  60.70kB)
    Total RW  Size (RW Data + ZI Data)              9432 (   9.21kB)
    Total ROM Size (Code + RO Data + RW Data)      62328 (  60.87kB)

==============================================================================

